../Core/Src/main.c:76:5:main	48	static
../Core/Src/main.c:149:6:SystemClock_Config	88	static
../Core/Src/main.c:194:13:MX_NVIC_Init	8	static
../Core/Src/main.c:218:13:MX_TIM6_Init	16	static
../Core/Src/main.c:256:13:MX_USART3_UART_Init	8	static
../Core/Src/main.c:289:13:MX_GPIO_Init	56	static
../Core/Src/main.c:369:6:HAL_UART_RxCpltCallback	24	static
../Core/Src/main.c:379:6:HAL_TIM_PeriodElapsedCallback	24	static
../Core/Src/main.c:389:6:HAL_GPIO_EXTI_Callback	32	static
../Core/Src/main.c:408:6:Error_Handler	4	static,ignoring_inline_asm
