../User/Src/_102_lcd.c:19:13:operate	16	static
../User/Src/_102_lcd.c:25:6:operate_clock_mode_lcd	16	static
../User/Src/_102_lcd.c:30:6:operate_alarm_mode_lcd	16	static
../User/Src/_102_lcd.c:35:6:operate_stopwatch_mode_lcd	16	static
../User/Src/_102_lcd.c:40:6:operate_timer_mode_lcd	16	static
../User/Src/_102_lcd.c:46:13:stop	24	static
../User/Src/_102_lcd.c:65:13:run	48	static
../User/Src/_102_lcd.c:116:13:pause	32	static
../User/Src/_102_lcd.c:151:13:display_time	112	static
../User/Src/_102_lcd.c:181:6:get_lcd	8	static
