../User/Src/_102_lcd.c:19:13:operate	16	static
../User/Src/_102_lcd.c:24:6:operate_clock_mode_lcd	16	static
../User/Src/_102_lcd.c:29:6:operate_alarm_mode_lcd	16	static
../User/Src/_102_lcd.c:34:6:operate_stopwatch_mode_lcd	16	static
../User/Src/_102_lcd.c:39:6:operate_timer_mode_lcd	16	static
../User/Src/_102_lcd.c:45:13:stop	24	static
../User/Src/_102_lcd.c:64:13:run	48	static
../User/Src/_102_lcd.c:115:13:pause	32	static
../User/Src/_102_lcd.c:150:13:display_time	112	static
../User/Src/_102_lcd.c:180:6:get_lcd	8	static
