../User/Src/_103_seven_segment.c:18:13:operate	16	static
../User/Src/_103_seven_segment.c:23:6:operate_clock_mode_segment	16	static
../User/Src/_103_seven_segment.c:28:6:operate_alarm_mode_segment	16	static
../User/Src/_103_seven_segment.c:33:6:operate_stopwatch_mode_segment	16	static
../User/Src/_103_seven_segment.c:38:6:operate_timer_mode_segment	16	static
../User/Src/_103_seven_segment.c:43:13:stop	24	static
../User/Src/_103_seven_segment.c:65:13:run	32	static
../User/Src/_103_seven_segment.c:84:13:pause	40	static
../User/Src/_103_seven_segment.c:115:15:get_segment	8	static
