../Core/Src/main.c:75:5:main	48	static
../Core/Src/main.c:146:6:SystemClock_Config	88	static
../Core/Src/main.c:191:13:MX_NVIC_Init	8	static
../Core/Src/main.c:215:13:MX_TIM6_Init	16	static
../Core/Src/main.c:253:13:MX_USART3_UART_Init	8	static
../Core/Src/main.c:286:13:MX_GPIO_Init	56	static
../Core/Src/main.c:353:6:HAL_UART_RxCpltCallback	24	static
../Core/Src/main.c:363:6:HAL_TIM_PeriodElapsedCallback	24	static
../Core/Src/main.c:373:6:HAL_GPIO_EXTI_Callback	32	static
../Core/Src/main.c:392:6:Error_Handler	4	static,ignoring_inline_asm
