Archive member included to satisfy reference by file (symbol)

C:/ST/STM32CubeIDE_1.16.1/STM32CubeIDE/plugins/com.st.stm32cube.ide.mcu.externaltools.gnu-tools-for-stm32.12.3.rel1.win32_1.0.200.202406191623/tools/bin/../lib/gcc/arm-none-eabi/12.3.1/../../../../arm-none-eabi/lib/thumb/v7e-m+fp/hard\libc_nano.a(libc_a-exit.o)
                              C:/ST/STM32CubeIDE_1.16.1/STM32CubeIDE/plugins/com.st.stm32cube.ide.mcu.externaltools.gnu-tools-for-stm32.12.3.rel1.win32_1.0.200.202406191623/tools/bin/../lib/gcc/arm-none-eabi/12.3.1/../../../../arm-none-eabi/lib/thumb/v7e-m+fp/hard/crt0.o (exit)
C:/ST/STM32CubeIDE_1.16.1/STM32CubeIDE/plugins/com.st.stm32cube.ide.mcu.externaltools.gnu-tools-for-stm32.12.3.rel1.win32_1.0.200.202406191623/tools/bin/../lib/gcc/arm-none-eabi/12.3.1/../../../../arm-none-eabi/lib/thumb/v7e-m+fp/hard\libc_nano.a(libc_a-findfp.o)
                              C:/ST/STM32CubeIDE_1.16.1/STM32CubeIDE/plugins/com.st.stm32cube.ide.mcu.externaltools.gnu-tools-for-stm32.12.3.rel1.win32_1.0.200.202406191623/tools/bin/../lib/gcc/arm-none-eabi/12.3.1/../../../../arm-none-eabi/lib/thumb/v7e-m+fp/hard\libc_nano.a(libc_a-exit.o) (__stdio_exit_handler)
C:/ST/STM32CubeIDE_1.16.1/STM32CubeIDE/plugins/com.st.stm32cube.ide.mcu.externaltools.gnu-tools-for-stm32.12.3.rel1.win32_1.0.200.202406191623/tools/bin/../lib/gcc/arm-none-eabi/12.3.1/../../../../arm-none-eabi/lib/thumb/v7e-m+fp/hard\libc_nano.a(libc_a-fwalk.o)
                              C:/ST/STM32CubeIDE_1.16.1/STM32CubeIDE/plugins/com.st.stm32cube.ide.mcu.externaltools.gnu-tools-for-stm32.12.3.rel1.win32_1.0.200.202406191623/tools/bin/../lib/gcc/arm-none-eabi/12.3.1/../../../../arm-none-eabi/lib/thumb/v7e-m+fp/hard\libc_nano.a(libc_a-findfp.o) (_fwalk_sglue)
C:/ST/STM32CubeIDE_1.16.1/STM32CubeIDE/plugins/com.st.stm32cube.ide.mcu.externaltools.gnu-tools-for-stm32.12.3.rel1.win32_1.0.200.202406191623/tools/bin/../lib/gcc/arm-none-eabi/12.3.1/../../../../arm-none-eabi/lib/thumb/v7e-m+fp/hard\libc_nano.a(libc_a-sprintf.o)
                              ./User/Src/_102_lcd.o (sprintf)
C:/ST/STM32CubeIDE_1.16.1/STM32CubeIDE/plugins/com.st.stm32cube.ide.mcu.externaltools.gnu-tools-for-stm32.12.3.rel1.win32_1.0.200.202406191623/tools/bin/../lib/gcc/arm-none-eabi/12.3.1/../../../../arm-none-eabi/lib/thumb/v7e-m+fp/hard\libc_nano.a(libc_a-stdio.o)
                              C:/ST/STM32CubeIDE_1.16.1/STM32CubeIDE/plugins/com.st.stm32cube.ide.mcu.externaltools.gnu-tools-for-stm32.12.3.rel1.win32_1.0.200.202406191623/tools/bin/../lib/gcc/arm-none-eabi/12.3.1/../../../../arm-none-eabi/lib/thumb/v7e-m+fp/hard\libc_nano.a(libc_a-findfp.o) (__sread)
C:/ST/STM32CubeIDE_1.16.1/STM32CubeIDE/plugins/com.st.stm32cube.ide.mcu.externaltools.gnu-tools-for-stm32.12.3.rel1.win32_1.0.200.202406191623/tools/bin/../lib/gcc/arm-none-eabi/12.3.1/../../../../arm-none-eabi/lib/thumb/v7e-m+fp/hard\libc_nano.a(libc_a-memset.o)
                              C:/ST/STM32CubeIDE_1.16.1/STM32CubeIDE/plugins/com.st.stm32cube.ide.mcu.externaltools.gnu-tools-for-stm32.12.3.rel1.win32_1.0.200.202406191623/tools/bin/../lib/gcc/arm-none-eabi/12.3.1/../../../../arm-none-eabi/lib/thumb/v7e-m+fp/hard/crt0.o (memset)
C:/ST/STM32CubeIDE_1.16.1/STM32CubeIDE/plugins/com.st.stm32cube.ide.mcu.externaltools.gnu-tools-for-stm32.12.3.rel1.win32_1.0.200.202406191623/tools/bin/../lib/gcc/arm-none-eabi/12.3.1/../../../../arm-none-eabi/lib/thumb/v7e-m+fp/hard\libc_nano.a(libc_a-closer.o)
                              C:/ST/STM32CubeIDE_1.16.1/STM32CubeIDE/plugins/com.st.stm32cube.ide.mcu.externaltools.gnu-tools-for-stm32.12.3.rel1.win32_1.0.200.202406191623/tools/bin/../lib/gcc/arm-none-eabi/12.3.1/../../../../arm-none-eabi/lib/thumb/v7e-m+fp/hard\libc_nano.a(libc_a-stdio.o) (_close_r)
C:/ST/STM32CubeIDE_1.16.1/STM32CubeIDE/plugins/com.st.stm32cube.ide.mcu.externaltools.gnu-tools-for-stm32.12.3.rel1.win32_1.0.200.202406191623/tools/bin/../lib/gcc/arm-none-eabi/12.3.1/../../../../arm-none-eabi/lib/thumb/v7e-m+fp/hard\libc_nano.a(libc_a-reent.o)
                              C:/ST/STM32CubeIDE_1.16.1/STM32CubeIDE/plugins/com.st.stm32cube.ide.mcu.externaltools.gnu-tools-for-stm32.12.3.rel1.win32_1.0.200.202406191623/tools/bin/../lib/gcc/arm-none-eabi/12.3.1/../../../../arm-none-eabi/lib/thumb/v7e-m+fp/hard\libc_nano.a(libc_a-closer.o) (errno)
C:/ST/STM32CubeIDE_1.16.1/STM32CubeIDE/plugins/com.st.stm32cube.ide.mcu.externaltools.gnu-tools-for-stm32.12.3.rel1.win32_1.0.200.202406191623/tools/bin/../lib/gcc/arm-none-eabi/12.3.1/../../../../arm-none-eabi/lib/thumb/v7e-m+fp/hard\libc_nano.a(libc_a-impure.o)
                              C:/ST/STM32CubeIDE_1.16.1/STM32CubeIDE/plugins/com.st.stm32cube.ide.mcu.externaltools.gnu-tools-for-stm32.12.3.rel1.win32_1.0.200.202406191623/tools/bin/../lib/gcc/arm-none-eabi/12.3.1/../../../../arm-none-eabi/lib/thumb/v7e-m+fp/hard\libc_nano.a(libc_a-sprintf.o) (_impure_ptr)
[...]
Memory Configuration

Name             Origin             Length             Attributes
CCMRAM           0x10000000         0x00010000         xrw
RAM              0x20000000         0x00020000         xrw
FLASH            0x08000000         0x00080000         xr
*default*        0x00000000         0xffffffff

Linker script and memory map

LOAD C:/ST/STM32CubeIDE_1.16.1/STM32CubeIDE/plugins/com.st.stm32cube.ide.mcu.externaltools.gnu-tools-for-stm32.12.3.rel1.win32_1.0.200.202406191623/tools/bin/../lib/gcc/arm-none-eabi/12.3.1/thumb/v7e-m+fp/hard/crti.o
LOAD C:/ST/STM32CubeIDE_1.16.1/STM32CubeIDE/plugins/com.st.stm32cube.ide.mcu.externaltools.gnu-tools-for-stm32.12.3.rel1.win32_1.0.200.202406191623/tools/bin/../lib/gcc/arm-none-eabi/12.3.1/thumb/v7e-m+fp/hard/crtbegin.o
LOAD C:/ST/STM32CubeIDE_1.16.1/STM32CubeIDE/plugins/com.st.stm32cube.ide.mcu.externaltools.gnu-tools-for-stm32.12.3.rel1.win32_1.0.200.202406191623/tools/bin/../lib/gcc/arm-none-eabi/12.3.1/../../../../arm-none-eabi/lib/thumb/v7e-m+fp/hard/crt0.o
LOAD ./Core/Src/main.o
LOAD ./Core/Src/stm32f4xx_hal_msp.o
LOAD ./Core/Src/stm32f4xx_it.o
LOAD ./Core/Src/syscalls.o
LOAD ./Core/Src/sysmem.o
LOAD ./Core/Src/system_stm32f4xx.o
LOAD ./Core/Startup/startup_stm32f407vetx.o
LOAD ./Drivers/CLCD/Src/CLCD.o
LOAD ./Drivers/STM32F4xx_HAL_Driver/Src/stm32f4xx_hal.o
LOAD ./Drivers/STM32F4xx_HAL_Driver/Src/stm32f4xx_hal_cortex.o
LOAD ./Drivers/STM32F4xx_HAL_Driver/Src/stm32f4xx_hal_dma.o
LOAD ./Drivers/STM32F4xx_HAL_Driver/Src/stm32f4xx_hal_dma_ex.o
LOAD ./Drivers/STM32F4xx_HAL_Driver/Src/stm32f4xx_hal_exti.o
LOAD ./Drivers/STM32F4xx_HAL_Driver/Src/stm32f4xx_hal_flash.o
LOAD ./Drivers/STM32F4xx_HAL_Driver/Src/stm32f4xx_hal_flash_ex.o
LOAD ./Drivers/STM32F4xx_HAL_Driver/Src/stm32f4xx_hal_flash_ramfunc.o
LOAD ./Drivers/STM32F4xx_HAL_Driver/Src/stm32f4xx_hal_gpio.o
LOAD ./Drivers/STM32F4xx_HAL_Driver/Src/stm32f4xx_hal_pwr.o
LOAD ./Drivers/STM32F4xx_HAL_Driver/Src/stm32f4xx_hal_pwr_ex.o
LOAD ./Drivers/STM32F4xx_HAL_Driver/Src/stm32f4xx_hal_rcc.o
LOAD ./Drivers/STM32F4xx_HAL_Driver/Src/stm32f4xx_hal_rcc_ex.o
LOAD ./Drivers/STM32F4xx_HAL_Driver/Src/stm32f4xx_hal_tim.o
LOAD ./Drivers/STM32F4xx_HAL_Driver/Src/stm32f4xx_hal_tim_ex.o
LOAD ./Drivers/STM32F4xx_HAL_Driver/Src/stm32f4xx_hal_uart.o
LOAD ./Drivers/Seven_segment/Src/7SEG.o
LOAD ./User/Src/_001_mode.o
LOAD ./User/Src/_002_timer.o
LOAD ./User/Src/_003_uart.o
LOAD ./User/Src/_101_digital_clock.o
LOAD ./User/Src/_102_lcd.o
LOAD ./User/Src/_103_seven_segment.o
LOAD ./User/Src/_104_led.o
LOAD ./User/Src/_105_button.o
START GROUP
LOAD C:/ST/STM32CubeIDE_1.16.1/STM32CubeIDE/plugins/com.st.stm32cube.ide.mcu.externaltools.gnu-tools-for-stm32.12.3.rel1.win32_1.0.200.202406191623/tools/bin/../lib/gcc/arm-none-eabi/12.3.1/../../../../arm-none-eabi/lib/thumb/v7e-m+fp/hard\libc_nano.a
LOAD C:/ST/STM32CubeIDE_1.16.1/STM32CubeIDE/plugins/com.st.stm32cube.ide.mcu.externaltools.gnu-tools-for-stm32.12.3.rel1.win32_1.0.200.202406191623/tools/bin/../lib/gcc/arm-none-eabi/12.3.1/../../../../arm-none-eabi/lib/thumb/v7e-m+fp/hard\libm.a
END GROUP
START GROUP
LOAD C:/ST/STM32CubeIDE_1.16.1/STM32CubeIDE/plugins/com.st.stm32cube.ide.mcu.externaltools.gnu-tools-for-stm32.12.3.rel1.win32_1.0.200.202406191623/tools/bin/../lib/gcc/arm-none-eabi/12.3.1/thumb/v7e-m+fp/hard\libgcc.a
LOAD C:/ST/STM32CubeIDE_1.16.1/STM32CubeIDE/plugins/com.st.stm32cube.ide.mcu.externaltools.gnu-tools-for-stm32.12.3.rel1.win32_1.0.200.202406191623/tools/bin/../lib/gcc/arm-none-eabi/12.3.1/../../../../arm-none-eabi/lib/thumb/v7e-m+fp/hard\libc_nano.a
END GROUP
START GROUP
LOAD C:/ST/STM32CubeIDE_1.16.1/STM32CubeIDE/plugins/com.st.stm32cube.ide.mcu.externaltools.gnu-tools-for-stm32.12.3.rel1.win32_1.0.200.202406191623/tools/bin/../lib/gcc/arm-none-eabi/12.3.1/thumb/v7e-m+fp/hard\libgcc.a
LOAD C:/ST/STM32CubeIDE_1.16.1/STM32CubeIDE/plugins/com.st.stm32cube.ide.mcu.externaltools.gnu-tools-for-stm32.12.3.rel1.win32_1.0.200.202406191623/tools/bin/../lib/gcc/arm-none-eabi/12.3.1/../../../../arm-none-eabi/lib/thumb/v7e-m+fp/hard\libc_nano.a
LOAD C:/ST/STM32CubeIDE_1.16.1/STM32CubeIDE/plugins/com.st.stm32cube.ide.mcu.externaltools.gnu-tools-for-stm32.12.3.rel1.win32_1.0.200.202406191623/tools/bin/../lib/gcc/arm-none-eabi/12.3.1/../../../../arm-none-eabi/lib/thumb/v7e-m+fp/hard\libnosys.a
END GROUP
START GROUP
LOAD C:/ST/STM32CubeIDE_1.16.1/STM32CubeIDE/plugins/com.st.stm32cube.ide.mcu.externaltools.gnu-tools-for-stm32.12.3.rel1.win32_1.0.200.202406191623/tools/bin/../lib/gcc/arm-none-eabi/12.3.1/thumb/v7e-m+fp/hard\libgcc.a
LOAD C:/ST/STM32CubeIDE_1.16.1/STM32CubeIDE/plugins/com.st.stm32cube.ide.mcu.externaltools.gnu-tools-for-stm32.12.3.rel1.win32_1.0.200.202406191623/tools/bin/../lib/gcc/arm-none-eabi/12.3.1/../../../../arm-none-eabi/lib/thumb/v7e-m+fp/hard\libc_nano.a
LOAD C:/ST/STM32CubeIDE_1.16.1/STM32CubeIDE/plugins/com.st.stm32cube.ide.mcu.externaltools.gnu-tools-for-stm32.12.3.rel1.win32_1.0.200.202406191623/tools/bin/../lib/gcc/arm-none-eabi/12.3.1/../../../../arm-none-eabi/lib/thumb/v7e-m+fp/hard\libnosys.a
END GROUP
LOAD C:/ST/STM32CubeIDE_1.16.1/STM32CubeIDE/plugins/com.st.stm32cube.ide.mcu.externaltools.gnu-tools-for-stm32.12.3.rel1.win32_1.0.200.202406191623/tools/bin/../lib/gcc/arm-none-eabi/12.3.1/thumb/v7e-m+fp/hard/crtend.o
LOAD C:/ST/STM32CubeIDE_1.16.1/STM32CubeIDE/plugins/com.st.stm32cube.ide.mcu.externaltools.gnu-tools-for-stm32.12.3.rel1.win32_1.0.200.202406191623/tools/bin/../lib/gcc/arm-none-eabi/12.3.1/thumb/v7e-m+fp/hard/crtn.o
                0x20020000                        _estack = (ORIGIN (RAM) + LENGTH (RAM))
                0x00000200                        _Min_Heap_Size = 0x200
                0x00000400                        _Min_Stack_Size = 0x400

.isr_vector     0x08000000      0x188
                0x08000000                        . = ALIGN (0x4)
 *(.isr_vector)
 .isr_vector    0x08000000      0x188 ./Core/Startup/startup_stm32f407vetx.o
                0x08000000                g_pfnVectors
                0x08000188                        . = ALIGN (0x4)

.text           0x08000188     0x457c
                0x08000188                        . = ALIGN (0x4)
 *(.text)
 .text          0x08000188       0x40 C:/ST/STM32CubeIDE_1.16.1/STM32CubeIDE/plugins/com.st.stm32cube.ide.mcu.externaltools.gnu-tools-for-stm32.12.3.rel1.win32_1.0.200.202406191623/tools/bin/../lib/gcc/arm-none-eabi/12.3.1/thumb/v7e-m+fp/hard/crtbegin.o
 .text          0x080001c8       0x30 C:/ST/STM32CubeIDE_1.16.1/STM32CubeIDE/plugins/com.st.stm32cube.ide.mcu.externaltools.gnu-tools-for-stm32.12.3.rel1.win32_1.0.200.202406191623/tools/bin/../lib/gcc/arm-none-eabi/12.3.1/thumb/v7e-m+fp/hard\libgcc.a(_aeabi_uldivmod.o)
                0x080001c8                __aeabi_uldivmod
 .text          0x080001f8      0x2bc C:/ST/STM32CubeIDE_1.16.1/STM32CubeIDE/plugins/com.st.stm32cube.ide.mcu.externaltools.gnu-tools-for-stm32.12.3.rel1.win32_1.0.200.202406191623/tools/bin/../lib/gcc/arm-none-eabi/12.3.1/thumb/v7e-m+fp/hard\libgcc.a(_udivmoddi4.o)
                0x080001f8                __udivmoddi4
 .text          0x080004b4        0x4 C:/ST/STM32CubeIDE_1.16.1/STM32CubeIDE/plugins/com.st.stm32cube.ide.mcu.externaltools.gnu-tools-for-stm32.12.3.rel1.win32_1.0.200.202406191623/tools/bin/../lib/gcc/arm-none-eabi/12.3.1/thumb/v7e-m+fp/hard\libgcc.a(_dvmd_tls.o)
                0x080004b4                __aeabi_idiv0
                0x080004b4                __aeabi_ldiv0
 *(.text*)
 .text.main     0x080004b8       0x8c ./Core/Src/main.o
                0x080004b8                main
 .text.SystemClock_Config
                0x08000544       0xd4 ./Core/Src/main.o
                0x08000544                SystemClock_Config
 .text.MX_NVIC_Init
                0x08000618       0x58 ./Core/Src/main.o
 .text.MX_TIM6_Init
                0x08000670       0x6c ./Core/Src/main.o
 .text.MX_USART3_UART_Init
                0x080006dc       0x54 ./Core/Src/main.o
 .text.MX_GPIO_Init
                0x08000730      0x1c8 ./Core/Src/main.o
 .text.HAL_UART_RxCpltCallback
                0x080008f8       0x2c ./Core/Src/main.o
                0x080008f8                HAL_UART_RxCpltCallback
 .text.HAL_TIM_PeriodElapsedCallback
                0x08000924       0x2c ./Core/Src/main.o
                0x08000924                HAL_TIM_PeriodElapsedCallback
 .text.HAL_GPIO_EXTI_Callback
                0x08000950       0x16 ./Core/Src/main.o
                0x08000950                HAL_GPIO_EXTI_Callback
 .text.Error_Handler
                0x08000966        0xc ./Core/Src/main.o
                0x08000966                Error_Handler
 *fill*         0x08000972        0x2 
 .text.HAL_MspInit
                0x08000974       0x50 ./Core/Src/stm32f4xx_hal_msp.o
                0x08000974                HAL_MspInit
 .text.HAL_TIM_Base_MspInit
                0x080009c4       0x44 ./Core/Src/stm32f4xx_hal_msp.o
                0x080009c4                HAL_TIM_Base_MspInit
 .text.HAL_UART_MspInit
                0x08000a08       0x90 ./Core/Src/stm32f4xx_hal_msp.o
                0x08000a08                HAL_UART_MspInit
 .text.NMI_Handler
                0x08000a98        0x8 ./Core/Src/stm32f4xx_it.o
                0x08000a98                NMI_Handler
 .text.HardFault_Handler
                0x08000aa0        0x8 ./Core/Src/stm32f4xx_it.o
                0x08000aa0                HardFault_Handler
 .text.MemManage_Handler
                0x08000aa8        0x8 ./Core/Src/stm32f4xx_it.o
                0x08000aa8                MemManage_Handler
 .text.BusFault_Handler
                0x08000ab0        0x8 ./Core/Src/stm32f4xx_it.o
                0x08000ab0                BusFault_Handler
 .text.UsageFault_Handler
                0x08000ab8        0x8 ./Core/Src/stm32f4xx_it.o
                0x08000ab8                UsageFault_Handler
 .text.SVC_Handler
                0x08000ac0        0xe ./Core/Src/stm32f4xx_it.o
                0x08000ac0                SVC_Handler
 .text.DebugMon_Handler
                0x08000ace        0xe ./Core/Src/stm32f4xx_it.o
                0x08000ace                DebugMon_Handler
 .text.PendSV_Handler
                0x08000adc        0xe ./Core/Src/stm32f4xx_it.o
                0x08000adc                PendSV_Handler
 .text.SysTick_Handler
                0x08000aea        0xc ./Core/Src/stm32f4xx_it.o
                0x08000aea                SysTick_Handler
 .text.EXTI3_IRQHandler
                0x08000af6        0xe ./Core/Src/stm32f4xx_it.o
                0x08000af6                EXTI3_IRQHandler
 .text.EXTI4_IRQHandler
                0x08000b04        0xe ./Core/Src/stm32f4xx_it.o
                0x08000b04                EXTI4_IRQHandler
 *fill*         0x08000b12        0x2 
 .text.USART3_IRQHandler
                0x08000b14       0x14 ./Core/Src/stm32f4xx_it.o
                0x08000b14                USART3_IRQHandler
 .text.EXTI15_10_IRQHandler
                0x08000b28       0x18 ./Core/Src/stm32f4xx_it.o
                0x08000b28                EXTI15_10_IRQHandler
 .text.TIM6_DAC_IRQHandler
                0x08000b40       0x14 ./Core/Src/stm32f4xx_it.o
                0x08000b40                TIM6_DAC_IRQHandler
 .text.SystemInit
                0x08000b54       0x24 ./Core/Src/system_stm32f4xx.o
                0x08000b54                SystemInit
 .text.Reset_Handler
                0x08000b78       0x50 ./Core/Startup/startup_stm32f407vetx.o
                0x08000b78                Reset_Handler
 .text.Default_Handler
                0x08000bc8        0x2 ./Core/Startup/startup_stm32f407vetx.o
                0x08000bc8                RTC_Alarm_IRQHandler
                0x08000bc8                HASH_RNG_IRQHandler
                0x08000bc8                EXTI2_IRQHandler
                0x08000bc8                TIM8_CC_IRQHandler
                0x08000bc8                TIM1_CC_IRQHandler
                0x08000bc8                DMA2_Stream5_IRQHandler
                0x08000bc8                DMA1_Stream5_IRQHandler
                0x08000bc8                PVD_IRQHandler
                0x08000bc8                SDIO_IRQHandler
                0x08000bc8                TAMP_STAMP_IRQHandler
                0x08000bc8                CAN2_RX1_IRQHandler
                0x08000bc8                TIM8_TRG_COM_TIM14_IRQHandler
                0x08000bc8                TIM1_UP_TIM10_IRQHandler
                0x08000bc8                TIM8_UP_TIM13_IRQHandler
                0x08000bc8                I2C3_ER_IRQHandler
                0x08000bc8                EXTI0_IRQHandler
                0x08000bc8                I2C2_EV_IRQHandler
                0x08000bc8                DMA1_Stream2_IRQHandler
                0x08000bc8                CAN1_RX0_IRQHandler
                0x08000bc8                FPU_IRQHandler
                0x08000bc8                OTG_HS_WKUP_IRQHandler
                0x08000bc8                CAN2_SCE_IRQHandler
                0x08000bc8                DMA2_Stream2_IRQHandler
                0x08000bc8                SPI1_IRQHandler
                0x08000bc8                TIM1_BRK_TIM9_IRQHandler
                0x08000bc8                DCMI_IRQHandler
                0x08000bc8                CAN2_RX0_IRQHandler
                0x08000bc8                DMA2_Stream3_IRQHandler
                0x08000bc8                USART6_IRQHandler
                0x08000bc8                CAN1_RX1_IRQHandler
                0x08000bc8                UART5_IRQHandler
                0x08000bc8                DMA2_Stream0_IRQHandler
                0x08000bc8                TIM4_IRQHandler
                0x08000bc8                I2C1_EV_IRQHandler
                0x08000bc8                DMA1_Stream6_IRQHandler
                0x08000bc8                DMA1_Stream1_IRQHandler
                0x08000bc8                UART4_IRQHandler
                0x08000bc8                TIM3_IRQHandler
                0x08000bc8                RCC_IRQHandler
                0x08000bc8                TIM8_BRK_TIM12_IRQHandler
                0x08000bc8                Default_Handler
                0x08000bc8                ADC_IRQHandler
                0x08000bc8                DMA1_Stream7_IRQHandler
                0x08000bc8                TIM7_IRQHandler
                0x08000bc8                CAN2_TX_IRQHandler
                0x08000bc8                TIM5_IRQHandler
                0x08000bc8                DMA2_Stream7_IRQHandler
                0x08000bc8                I2C3_EV_IRQHandler
                0x08000bc8                EXTI9_5_IRQHandler
                0x08000bc8                RTC_WKUP_IRQHandler
                0x08000bc8                ETH_WKUP_IRQHandler
                0x08000bc8                SPI2_IRQHandler
                0x08000bc8                OTG_HS_EP1_IN_IRQHandler
                0x08000bc8                DMA1_Stream0_IRQHandler
                0x08000bc8                CAN1_TX_IRQHandler
                0x08000bc8                FSMC_IRQHandler
                0x08000bc8                ETH_IRQHandler
                0x08000bc8                OTG_HS_EP1_OUT_IRQHandler
                0x08000bc8                WWDG_IRQHandler
                0x08000bc8                TIM2_IRQHandler
                0x08000bc8                OTG_FS_WKUP_IRQHandler
                0x08000bc8                TIM1_TRG_COM_TIM11_IRQHandler
                0x08000bc8                OTG_HS_IRQHandler
                0x08000bc8                EXTI1_IRQHandler
                0x08000bc8                USART2_IRQHandler
                0x08000bc8                I2C2_ER_IRQHandler
                0x08000bc8                DMA2_Stream1_IRQHandler
                0x08000bc8                CAN1_SCE_IRQHandler
                0x08000bc8                FLASH_IRQHandler
                0x08000bc8                DMA2_Stream4_IRQHandler
                0x08000bc8                USART1_IRQHandler
                0x08000bc8                OTG_FS_IRQHandler
                0x08000bc8                SPI3_IRQHandler
                0x08000bc8                DMA1_Stream4_IRQHandler
                0x08000bc8                I2C1_ER_IRQHandler
                0x08000bc8                DMA2_Stream6_IRQHandler
                0x08000bc8                DMA1_Stream3_IRQHandler
 *fill*         0x08000bca        0x2 
 .text.CLCD_GPIO_Init
                0x08000bcc       0xa0 ./Drivers/CLCD/Src/CLCD.o
                0x08000bcc                CLCD_GPIO_Init
 .text.CLCD_Write_Instruction
                0x08000c6c      0x194 ./Drivers/CLCD/Src/CLCD.o
                0x08000c6c                CLCD_Write_Instruction
 .text.CLCD_Init
                0x08000e00       0x44 ./Drivers/CLCD/Src/CLCD.o
                0x08000e00                CLCD_Init
 .text.HAL_Init
                0x08000e44       0x44 ./Drivers/STM32F4xx_HAL_Driver/Src/stm32f4xx_hal.o
                0x08000e44                HAL_Init
 .text.HAL_InitTick
                0x08000e88       0x60 ./Drivers/STM32F4xx_HAL_Driver/Src/stm32f4xx_hal.o
                0x08000e88                HAL_InitTick
 .text.HAL_IncTick
                0x08000ee8       0x28 ./Drivers/STM32F4xx_HAL_Driver/Src/stm32f4xx_hal.o
                0x08000ee8                HAL_IncTick
 .text.HAL_GetTick
                0x08000f10       0x18 ./Drivers/STM32F4xx_HAL_Driver/Src/stm32f4xx_hal.o
                0x08000f10                HAL_GetTick
 .text.HAL_Delay
                0x08000f28       0x48 ./Drivers/STM32F4xx_HAL_Driver/Src/stm32f4xx_hal.o
                0x08000f28                HAL_Delay
 .text.__NVIC_SetPriorityGrouping
                0x08000f70       0x48 ./Drivers/STM32F4xx_HAL_Driver/Src/stm32f4xx_hal_cortex.o
 .text.__NVIC_GetPriorityGrouping
                0x08000fb8       0x1c ./Drivers/STM32F4xx_HAL_Driver/Src/stm32f4xx_hal_cortex.o
 .text.__NVIC_EnableIRQ
                0x08000fd4       0x3c ./Drivers/STM32F4xx_HAL_Driver/Src/stm32f4xx_hal_cortex.o
 .text.__NVIC_SetPriority
                0x08001010       0x54 ./Drivers/STM32F4xx_HAL_Driver/Src/stm32f4xx_hal_cortex.o
 .text.NVIC_EncodePriority
                0x08001064       0x66 ./Drivers/STM32F4xx_HAL_Driver/Src/stm32f4xx_hal_cortex.o
 *fill*         0x080010ca        0x2 
 .text.SysTick_Config
                0x080010cc       0x44 ./Drivers/STM32F4xx_HAL_Driver/Src/stm32f4xx_hal_cortex.o
 .text.HAL_NVIC_SetPriorityGrouping
                0x08001110       0x16 ./Drivers/STM32F4xx_HAL_Driver/Src/stm32f4xx_hal_cortex.o
                0x08001110                HAL_NVIC_SetPriorityGrouping
 .text.HAL_NVIC_SetPriority
                0x08001126       0x38 ./Drivers/STM32F4xx_HAL_Driver/Src/stm32f4xx_hal_cortex.o
                0x08001126                HAL_NVIC_SetPriority
 .text.HAL_NVIC_EnableIRQ
                0x0800115e       0x1c ./Drivers/STM32F4xx_HAL_Driver/Src/stm32f4xx_hal_cortex.o
                0x0800115e                HAL_NVIC_EnableIRQ
 .text.HAL_SYSTICK_Config
                0x0800117a       0x18 ./Drivers/STM32F4xx_HAL_Driver/Src/stm32f4xx_hal_cortex.o
                0x0800117a                HAL_SYSTICK_Config
 .text.HAL_DMA_Abort
                0x08001192       0xe0 ./Drivers/STM32F4xx_HAL_Driver/Src/stm32f4xx_hal_dma.o
                0x08001192                HAL_DMA_Abort
 .text.HAL_DMA_Abort_IT
                0x08001272       0x44 ./Drivers/STM32F4xx_HAL_Driver/Src/stm32f4xx_hal_dma.o
                0x08001272                HAL_DMA_Abort_IT
 *fill*         0x080012b6        0x2 
 .text.HAL_GPIO_Init
                0x080012b8      0x338 ./Drivers/STM32F4xx_HAL_Driver/Src/stm32f4xx_hal_gpio.o
                0x080012b8                HAL_GPIO_Init
 .text.HAL_GPIO_ReadPin
                0x080015f0       0x30 ./Drivers/STM32F4xx_HAL_Driver/Src/stm32f4xx_hal_gpio.o
                0x080015f0                HAL_GPIO_ReadPin
 .text.HAL_GPIO_WritePin
                0x08001620       0x32 ./Drivers/STM32F4xx_HAL_Driver/Src/stm32f4xx_hal_gpio.o
                0x08001620                HAL_GPIO_WritePin
 *fill*         0x08001652        0x2 
 .text.HAL_GPIO_EXTI_IRQHandler
                0x08001654       0x30 ./Drivers/STM32F4xx_HAL_Driver/Src/stm32f4xx_hal_gpio.o
                0x08001654                HAL_GPIO_EXTI_IRQHandler
 .text.HAL_RCC_OscConfig
                0x08001684      0x4f0 ./Drivers/STM32F4xx_HAL_Driver/Src/stm32f4xx_hal_rcc.o
                0x08001684                HAL_RCC_OscConfig
 .text.HAL_RCC_ClockConfig
                0x08001b74      0x1cc ./Drivers/STM32F4xx_HAL_Driver/Src/stm32f4xx_hal_rcc.o
                0x08001b74                HAL_RCC_ClockConfig
 .text.HAL_RCC_GetSysClockFreq
                0x08001d40      0x20c ./Drivers/STM32F4xx_HAL_Driver/Src/stm32f4xx_hal_rcc.o
                0x08001d40                HAL_RCC_GetSysClockFreq
 .text.HAL_RCC_GetHCLKFreq
                0x08001f4c       0x18 ./Drivers/STM32F4xx_HAL_Driver/Src/stm32f4xx_hal_rcc.o
                0x08001f4c                HAL_RCC_GetHCLKFreq
 .text.HAL_RCC_GetPCLK1Freq
                0x08001f64       0x28 ./Drivers/STM32F4xx_HAL_Driver/Src/stm32f4xx_hal_rcc.o
                0x08001f64                HAL_RCC_GetPCLK1Freq
 .text.HAL_RCC_GetPCLK2Freq
                0x08001f8c       0x28 ./Drivers/STM32F4xx_HAL_Driver/Src/stm32f4xx_hal_rcc.o
                0x08001f8c                HAL_RCC_GetPCLK2Freq
 .text.HAL_TIM_Base_Init
                0x08001fb4       0x9e ./Drivers/STM32F4xx_HAL_Driver/Src/stm32f4xx_hal_tim.o
                0x08001fb4                HAL_TIM_Base_Init
 *fill*         0x08002052        0x2 
 .text.HAL_TIM_Base_Start_IT
                0x08002054       0xe0 ./Drivers/STM32F4xx_HAL_Driver/Src/stm32f4xx_hal_tim.o
                0x08002054                HAL_TIM_Base_Start_IT
 .text.HAL_TIM_IRQHandler
                0x08002134      0x1e0 ./Drivers/STM32F4xx_HAL_Driver/Src/stm32f4xx_hal_tim.o
                0x08002134                HAL_TIM_IRQHandler
 .text.HAL_TIM_OC_DelayElapsedCallback
                0x08002314       0x14 ./Drivers/STM32F4xx_HAL_Driver/Src/stm32f4xx_hal_tim.o
                0x08002314                HAL_TIM_OC_DelayElapsedCallback
 .text.HAL_TIM_IC_CaptureCallback
                0x08002328       0x14 ./Drivers/STM32F4xx_HAL_Driver/Src/stm32f4xx_hal_tim.o
                0x08002328                HAL_TIM_IC_CaptureCallback
 .text.HAL_TIM_PWM_PulseFinishedCallback
                0x0800233c       0x14 ./Drivers/STM32F4xx_HAL_Driver/Src/stm32f4xx_hal_tim.o
                0x0800233c                HAL_TIM_PWM_PulseFinishedCallback
 .text.HAL_TIM_TriggerCallback
                0x08002350       0x14 ./Drivers/STM32F4xx_HAL_Driver/Src/stm32f4xx_hal_tim.o
                0x08002350                HAL_TIM_TriggerCallback
 .text.TIM_Base_SetConfig
                0x08002364      0x158 ./Drivers/STM32F4xx_HAL_Driver/Src/stm32f4xx_hal_tim.o
                0x08002364                TIM_Base_SetConfig
 .text.HAL_TIMEx_MasterConfigSynchronization
                0x080024bc       0xf8 ./Drivers/STM32F4xx_HAL_Driver/Src/stm32f4xx_hal_tim_ex.o
                0x080024bc                HAL_TIMEx_MasterConfigSynchronization
 .text.HAL_TIMEx_CommutCallback
                0x080025b4       0x14 ./Drivers/STM32F4xx_HAL_Driver/Src/stm32f4xx_hal_tim_ex.o
                0x080025b4                HAL_TIMEx_CommutCallback
 .text.HAL_TIMEx_BreakCallback
                0x080025c8       0x14 ./Drivers/STM32F4xx_HAL_Driver/Src/stm32f4xx_hal_tim_ex.o
                0x080025c8                HAL_TIMEx_BreakCallback
 .text.HAL_UART_Init
                0x080025dc       0xa0 ./Drivers/STM32F4xx_HAL_Driver/Src/stm32f4xx_hal_uart.o
                0x080025dc                HAL_UART_Init
 .text.HAL_UART_Receive_IT
                0x0800267c       0x4a ./Drivers/STM32F4xx_HAL_Driver/Src/stm32f4xx_hal_uart.o
                0x0800267c                HAL_UART_Receive_IT
 *fill*         0x080026c6        0x2 
 .text.HAL_UART_IRQHandler
                0x080026c8      0x524 ./Drivers/STM32F4xx_HAL_Driver/Src/stm32f4xx_hal_uart.o
                0x080026c8                HAL_UART_IRQHandler
 .text.HAL_UART_TxCpltCallback
                0x08002bec       0x14 ./Drivers/STM32F4xx_HAL_Driver/Src/stm32f4xx_hal_uart.o
                0x08002bec                HAL_UART_TxCpltCallback
 .text.HAL_UART_ErrorCallback
                0x08002c00       0x14 ./Drivers/STM32F4xx_HAL_Driver/Src/stm32f4xx_hal_uart.o
                0x08002c00                HAL_UART_ErrorCallback
 .text.HAL_UARTEx_RxEventCallback
                0x08002c14       0x18 ./Drivers/STM32F4xx_HAL_Driver/Src/stm32f4xx_hal_uart.o
                0x08002c14                HAL_UARTEx_RxEventCallback
 .text.UART_Start_Receive_IT
                0x08002c2c       0x74 ./Drivers/STM32F4xx_HAL_Driver/Src/stm32f4xx_hal_uart.o
                0x08002c2c                UART_Start_Receive_IT
 .text.UART_EndRxTransfer
                0x08002ca0       0xc6 ./Drivers/STM32F4xx_HAL_Driver/Src/stm32f4xx_hal_uart.o
 .text.UART_DMAAbortOnError
                0x08002d66       0x28 ./Drivers/STM32F4xx_HAL_Driver/Src/stm32f4xx_hal_uart.o
 .text.UART_Transmit_IT
                0x08002d8e       0xa0 ./Drivers/STM32F4xx_HAL_Driver/Src/stm32f4xx_hal_uart.o
 .text.UART_EndTransmit_IT
                0x08002e2e       0x30 ./Drivers/STM32F4xx_HAL_Driver/Src/stm32f4xx_hal_uart.o
 .text.UART_Receive_IT
                0x08002e5e      0x17c ./Drivers/STM32F4xx_HAL_Driver/Src/stm32f4xx_hal_uart.o
 *fill*         0x08002fda        0x2 
 .text.UART_SetConfig
                0x08002fdc      0x4e8 ./Drivers/STM32F4xx_HAL_Driver/Src/stm32f4xx_hal_uart.o
 .text._7SEG_GPIO_Init
                0x080034c4      0x1cc ./Drivers/Seven_segment/Src/7SEG.o
                0x080034c4                _7SEG_GPIO_Init
 .text._7SEG_SetNumber
                0x08003690      0x7c4 ./Drivers/Seven_segment/Src/7SEG.o
                0x08003690                _7SEG_SetNumber
 .text.get_mode
                0x08003e54       0x14 ./User/Src/_001_mode.o
                0x08003e54                get_mode
 .text.count_up
                0x08003e68       0x1e ./User/Src/_002_timer.o
 .text.set_count
                0x08003e86       0x1c ./User/Src/_002_timer.o
 .text.record_count
                0x08003ea2       0x1c ./User/Src/_002_timer.o
 .text.get_recorded_count
                0x08003ebe       0x18 ./User/Src/_002_timer.o
 *fill*         0x08003ed6        0x2 
 .text.record_time
                0x08003ed8       0xc8 ./User/Src/_002_timer.o
 .text.get_recorded_time
                0x08003fa0       0x6c ./User/Src/_002_timer.o
 .text.get_time
                0x0800400c       0xe4 ./User/Src/_002_timer.o
 .text.get_timer
                0x080040f0       0x14 ./User/Src/_002_timer.o
                0x080040f0                get_timer
 .text.receive  0x08004104       0x22 ./User/Src/_003_uart.o
 .text.get_data
                0x08004126       0x1a ./User/Src/_003_uart.o
 .text.reset_data
                0x08004140       0x1c ./User/Src/_003_uart.o
 .text.get_uart
                0x0800415c       0x14 ./User/Src/_003_uart.o
                0x0800415c                get_uart
 .text.set_mode
                0x08004170       0x3a ./User/Src/_101_digital_clock.o
 *fill*         0x080041aa        0x2 
 .text.operate_clock_mode
                0x080041ac       0x64 ./User/Src/_101_digital_clock.o
 .text.operate_alarm_mode
                0x08004210       0x64 ./User/Src/_101_digital_clock.o
 .text.operate_stopwatch_mode
                0x08004274       0x64 ./User/Src/_101_digital_clock.o
 .text.operate_timer_mode
                0x080042d8       0x54 ./User/Src/_101_digital_clock.o
 .text.get_clock
                0x0800432c       0x18 ./User/Src/_101_digital_clock.o
                0x0800432c                get_clock
 .text.set_state
                0x08004344       0x1c ./User/Src/_103_seven_segment.o
 .text.get_current_mode
                0x08004360       0x1a ./User/Src/_103_seven_segment.o
 *fill*         0x0800437a        0x2 
 .text.operate_stop
                0x0800437c       0xa4 ./User/Src/_103_seven_segment.o
                0x0800437c                operate_stop
 .text.operate_run
                0x08004420       0xac ./User/Src/_103_seven_segment.o
                0x08004420                operate_run
 .text.operate_pause
                0x080044cc       0xfc ./User/Src/_103_seven_segment.o
                0x080044cc                operate_pause
 .text.get_segment
                0x080045c8       0x18 ./User/Src/_103_seven_segment.o
                0x080045c8                get_segment
 .text.update   0x080045e0       0x4a ./User/Src/_105_button.o
 .text.is_pressed
                0x0800462a       0x18 ./User/Src/_105_button.o
 *fill*         0x08004642        0x2 
 .text.get_button_1
                0x08004644       0x14 ./User/Src/_105_button.o
                0x08004644                get_button_1
 .text.get_button_2
                0x08004658       0x14 ./User/Src/_105_button.o
                0x08004658                get_button_2
 .text.get_button_3
                0x0800466c       0x14 ./User/Src/_105_button.o
                0x0800466c                get_button_3
 .text.get_button_4
                0x08004680       0x14 ./User/Src/_105_button.o
                0x08004680                get_button_4
 .text.memset   0x08004694       0x10 C:/ST/STM32CubeIDE_1.16.1/STM32CubeIDE/plugins/com.st.stm32cube.ide.mcu.externaltools.gnu-tools-for-stm32.12.3.rel1.win32_1.0.200.202406191623/tools/bin/../lib/gcc/arm-none-eabi/12.3.1/../../../../arm-none-eabi/lib/thumb/v7e-m+fp/hard\libc_nano.a(libc_a-memset.o)
                0x08004694                memset
 .text.__libc_init_array
                0x080046a4       0x48 C:/ST/STM32CubeIDE_1.16.1/STM32CubeIDE/plugins/com.st.stm32cube.ide.mcu.externaltools.gnu-tools-for-stm32.12.3.rel1.win32_1.0.200.202406191623/tools/bin/../lib/gcc/arm-none-eabi/12.3.1/../../../../arm-none-eabi/lib/thumb/v7e-m+fp/hard\libc_nano.a(libc_a-init.o)
                0x080046a4                __libc_init_array
 *(.glue_7)
 .glue_7        0x080046ec        0x0 linker stubs
 *(.glue_7t)
 .glue_7t       0x080046ec        0x0 linker stubs
 *(.eh_frame)
 .eh_frame      0x080046ec        0x0 C:/ST/STM32CubeIDE_1.16.1/STM32CubeIDE/plugins/com.st.stm32cube.ide.mcu.externaltools.gnu-tools-for-stm32.12.3.rel1.win32_1.0.200.202406191623/tools/bin/../lib/gcc/arm-none-eabi/12.3.1/thumb/v7e-m+fp/hard/crtbegin.o
 *(.init)
 .init          0x080046ec        0x4 C:/ST/STM32CubeIDE_1.16.1/STM32CubeIDE/plugins/com.st.stm32cube.ide.mcu.externaltools.gnu-tools-for-stm32.12.3.rel1.win32_1.0.200.202406191623/tools/bin/../lib/gcc/arm-none-eabi/12.3.1/thumb/v7e-m+fp/hard/crti.o
                0x080046ec                _init
 .init          0x080046f0        0x8 C:/ST/STM32CubeIDE_1.16.1/STM32CubeIDE/plugins/com.st.stm32cube.ide.mcu.externaltools.gnu-tools-for-stm32.12.3.rel1.win32_1.0.200.202406191623/tools/bin/../lib/gcc/arm-none-eabi/12.3.1/thumb/v7e-m+fp/hard/crtn.o
 *(.fini)
 .fini          0x080046f8        0x4 C:/ST/STM32CubeIDE_1.16.1/STM32CubeIDE/plugins/com.st.stm32cube.ide.mcu.externaltools.gnu-tools-for-stm32.12.3.rel1.win32_1.0.200.202406191623/tools/bin/../lib/gcc/arm-none-eabi/12.3.1/thumb/v7e-m+fp/hard/crti.o
                0x080046f8                _fini
 .fini          0x080046fc        0x8 C:/ST/STM32CubeIDE_1.16.1/STM32CubeIDE/plugins/com.st.stm32cube.ide.mcu.externaltools.gnu-tools-for-stm32.12.3.rel1.win32_1.0.200.202406191623/tools/bin/../lib/gcc/arm-none-eabi/12.3.1/thumb/v7e-m+fp/hard/crtn.o
                0x08004704                        . = ALIGN (0x4)
                0x08004704                        _etext = .

.vfp11_veneer   0x08004704        0x0
 .vfp11_veneer  0x08004704        0x0 linker stubs

.v4_bx          0x08004704        0x0
 .v4_bx         0x08004704        0x0 linker stubs

.iplt           0x08004704        0x0
 .iplt          0x08004704        0x0 C:/ST/STM32CubeIDE_1.16.1/STM32CubeIDE/plugins/com.st.stm32cube.ide.mcu.externaltools.gnu-tools-for-stm32.12.3.rel1.win32_1.0.200.202406191623/tools/bin/../lib/gcc/arm-none-eabi/12.3.1/thumb/v7e-m+fp/hard/crtbegin.o

.rodata         0x08004704       0x18
                0x08004704                        . = ALIGN (0x4)
 *(.rodata)
 *(.rodata*)
 .rodata.AHBPrescTable
                0x08004704       0x10 ./Core/Src/system_stm32f4xx.o
                0x08004704                AHBPrescTable
 .rodata.APBPrescTable
                0x08004714        0x8 ./Core/Src/system_stm32f4xx.o
                0x08004714                APBPrescTable
                0x0800471c                        . = ALIGN (0x4)

.ARM.extab      0x0800471c        0x0
                0x0800471c                        . = ALIGN (0x4)
 *(.ARM.extab* .gnu.linkonce.armextab.*)
                0x0800471c                        . = ALIGN (0x4)

.ARM            0x0800471c        0x8
                0x0800471c                        . = ALIGN (0x4)
                0x0800471c                        __exidx_start = .
 *(.ARM.exidx*)
 .ARM.exidx     0x0800471c        0x8 C:/ST/STM32CubeIDE_1.16.1/STM32CubeIDE/plugins/com.st.stm32cube.ide.mcu.externaltools.gnu-tools-for-stm32.12.3.rel1.win32_1.0.200.202406191623/tools/bin/../lib/gcc/arm-none-eabi/12.3.1/thumb/v7e-m+fp/hard\libgcc.a(_udivmoddi4.o)
                0x08004724                        __exidx_end = .
                0x08004724                        . = ALIGN (0x4)

.preinit_array  0x08004724        0x0
                0x08004724                        . = ALIGN (0x4)
                0x08004724                        PROVIDE (__preinit_array_start = .)
 *(.preinit_array*)
                0x08004724                        PROVIDE (__preinit_array_end = .)
                0x08004724                        . = ALIGN (0x4)

.init_array     0x08004724        0x4
                0x08004724                        . = ALIGN (0x4)
                0x08004724                        PROVIDE (__init_array_start = .)
 *(SORT_BY_NAME(.init_array.*))
 *(.init_array*)
 .init_array    0x08004724        0x4 C:/ST/STM32CubeIDE_1.16.1/STM32CubeIDE/plugins/com.st.stm32cube.ide.mcu.externaltools.gnu-tools-for-stm32.12.3.rel1.win32_1.0.200.202406191623/tools/bin/../lib/gcc/arm-none-eabi/12.3.1/thumb/v7e-m+fp/hard/crtbegin.o
                0x08004728                        PROVIDE (__init_array_end = .)
                0x08004728                        . = ALIGN (0x4)

.fini_array     0x08004728        0x4
                0x08004728                        . = ALIGN (0x4)
                [!provide]                        PROVIDE (__fini_array_start = .)
 *(SORT_BY_NAME(.fini_array.*))
 *(.fini_array*)
 .fini_array    0x08004728        0x4 C:/ST/STM32CubeIDE_1.16.1/STM32CubeIDE/plugins/com.st.stm32cube.ide.mcu.externaltools.gnu-tools-for-stm32.12.3.rel1.win32_1.0.200.202406191623/tools/bin/../lib/gcc/arm-none-eabi/12.3.1/thumb/v7e-m+fp/hard/crtbegin.o
                [!provide]                        PROVIDE (__fini_array_end = .)
                0x0800472c                        . = ALIGN (0x4)
                0x0800472c                        _sidata = LOADADDR (.data)

.rel.dyn        0x0800472c        0x0
 .rel.iplt      0x0800472c        0x0 C:/ST/STM32CubeIDE_1.16.1/STM32CubeIDE/plugins/com.st.stm32cube.ide.mcu.externaltools.gnu-tools-for-stm32.12.3.rel1.win32_1.0.200.202406191623/tools/bin/../lib/gcc/arm-none-eabi/12.3.1/thumb/v7e-m+fp/hard/crtbegin.o

.data           0x20000000       0xac load address 0x0800472c
                0x20000000                        . = ALIGN (0x4)
                0x20000000                        _sdata = .
 *(.data)
 *(.data*)
 .data.SystemCoreClock
                0x20000000        0x4 ./Core/Src/system_stm32f4xx.o
                0x20000000                SystemCoreClock
 .data.uwTickPrio
                0x20000004        0x4 ./Drivers/STM32F4xx_HAL_Driver/Src/stm32f4xx_hal.o
                0x20000004                uwTickPrio
 .data.uwTickFreq
                0x20000008        0x1 ./Drivers/STM32F4xx_HAL_Driver/Src/stm32f4xx_hal.o
                0x20000008                uwTickFreq
 *fill*         0x20000009        0x3 
 .data.timer    0x2000000c       0x28 ./User/Src/_002_timer.o
                0x2000000c                timer
 .data.uart     0x20000034       0x1c ./User/Src/_003_uart.o
 .data.clock    0x20000050        0xc ./User/Src/_101_digital_clock.o
 .data.segment  0x2000005c       0x10 ./User/Src/_103_seven_segment.o
                0x2000005c                segment
 .data.button_1
                0x2000006c       0x10 ./User/Src/_105_button.o
 .data.button_2
                0x2000007c       0x10 ./User/Src/_105_button.o
 .data.button_3
                0x2000008c       0x10 ./User/Src/_105_button.o
 .data.button_4
                0x2000009c       0x10 ./User/Src/_105_button.o
 *(.RamFunc)
 *(.RamFunc*)
                0x200000ac                        . = ALIGN (0x4)
                0x200000ac                        _edata = .
                0x080047d8                        _siccmram = LOADADDR (.ccmram)

.igot.plt       0x200000ac        0x0 load address 0x080047d8
 .igot.plt      0x200000ac        0x0 C:/ST/STM32CubeIDE_1.16.1/STM32CubeIDE/plugins/com.st.stm32cube.ide.mcu.externaltools.gnu-tools-for-stm32.12.3.rel1.win32_1.0.200.202406191623/tools/bin/../lib/gcc/arm-none-eabi/12.3.1/thumb/v7e-m+fp/hard/crtbegin.o

.ccmram         0x10000000        0x0 load address 0x080047d8
                0x10000000                        . = ALIGN (0x4)
                0x10000000                        _sccmram = .
 *(.ccmram)
 *(.ccmram*)
                0x10000000                        . = ALIGN (0x4)
                0x10000000                        _eccmram = .
                0x10000000                        . = ALIGN (0x4)

.bss            0x200000ac       0xc4
                0x200000ac                        _sbss = .
                0x200000ac                        __bss_start__ = _sbss
 *(.bss)
 .bss           0x200000ac       0x1c C:/ST/STM32CubeIDE_1.16.1/STM32CubeIDE/plugins/com.st.stm32cube.ide.mcu.externaltools.gnu-tools-for-stm32.12.3.rel1.win32_1.0.200.202406191623/tools/bin/../lib/gcc/arm-none-eabi/12.3.1/thumb/v7e-m+fp/hard/crtbegin.o
 *(.bss*)
 .bss.htim6     0x200000c8       0x48 ./Core/Src/main.o
                0x200000c8                htim6
 .bss.huart3    0x20000110       0x48 ./Core/Src/main.o
                0x20000110                huart3
 .bss.uwTick    0x20000158        0x4 ./Drivers/STM32F4xx_HAL_Driver/Src/stm32f4xx_hal.o
                0x20000158                uwTick
 .bss.mode      0x2000015c        0x1 ./User/Src/_001_mode.o
                0x2000015c                mode
 *fill*         0x2000015d        0x3 
 .bss.recorded_run_time
                0x20000160        0x5 ./User/Src/_002_timer.o
 .bss.data      0x20000165        0x1 ./User/Src/_003_uart.o
 .bss.last_button.3
                0x20000166        0x1 ./User/Src/_101_digital_clock.o
 .bss.last_button.2
                0x20000167        0x1 ./User/Src/_101_digital_clock.o
 .bss.last_button.1
                0x20000168        0x1 ./User/Src/_101_digital_clock.o
 .bss.last_button.0
                0x20000169        0x1 ./User/Src/_101_digital_clock.o
 .bss.last_button.3
                0x2000016a        0x1 ./User/Src/_103_seven_segment.o
 .bss.last_button.2
                0x2000016b        0x1 ./User/Src/_103_seven_segment.o
 .bss.last_button_2.1
                0x2000016c        0x1 ./User/Src/_103_seven_segment.o
 .bss.last_button_3.0
                0x2000016d        0x1 ./User/Src/_103_seven_segment.o
 *(COMMON)
                0x20000170                        . = ALIGN (0x4)
 *fill*         0x2000016e        0x2 
                0x20000170                        _ebss = .
                0x20000170                        __bss_end__ = _ebss

._user_heap_stack
                0x20000170      0x600
                0x20000170                        . = ALIGN (0x8)
                [!provide]                        PROVIDE (end = .)
                0x20000170                        PROVIDE (_end = .)
                0x20000370                        . = (. + _Min_Heap_Size)
 *fill*         0x20000170      0x200 
                0x20000770                        . = (. + _Min_Stack_Size)
 *fill*         0x20000370      0x400 
                0x20000770                        . = ALIGN (0x8)

/DISCARD/
 libc.a(*)
 libm.a(*)
 libgcc.a(*)

.ARM.attributes
                0x00000000       0x30
 *(.ARM.attributes)
 .ARM.attributes
                0x00000000       0x22 C:/ST/STM32CubeIDE_1.16.1/STM32CubeIDE/plugins/com.st.stm32cube.ide.mcu.externaltools.gnu-tools-for-stm32.12.3.rel1.win32_1.0.200.202406191623/tools/bin/../lib/gcc/arm-none-eabi/12.3.1/thumb/v7e-m+fp/hard/crti.o
 .ARM.attributes
                0x00000022       0x34 C:/ST/STM32CubeIDE_1.16.1/STM32CubeIDE/plugins/com.st.stm32cube.ide.mcu.externaltools.gnu-tools-for-stm32.12.3.rel1.win32_1.0.200.202406191623/tools/bin/../lib/gcc/arm-none-eabi/12.3.1/thumb/v7e-m+fp/hard/crtbegin.o
 .ARM.attributes
                0x00000056       0x34 ./Core/Src/main.o
 .ARM.attributes
                0x0000008a       0x34 ./Core/Src/stm32f4xx_hal_msp.o
 .ARM.attributes
                0x000000be       0x34 ./Core/Src/stm32f4xx_it.o
 .ARM.attributes
                0x000000f2       0x34 ./Core/Src/system_stm32f4xx.o
 .ARM.attributes
                0x00000126       0x21 ./Core/Startup/startup_stm32f407vetx.o
 .ARM.attributes
                0x00000147       0x34 ./Drivers/CLCD/Src/CLCD.o
 .ARM.attributes
                0x0000017b       0x34 ./Drivers/STM32F4xx_HAL_Driver/Src/stm32f4xx_hal.o
 .ARM.attributes
                0x000001af       0x34 ./Drivers/STM32F4xx_HAL_Driver/Src/stm32f4xx_hal_cortex.o
 .ARM.attributes
                0x000001e3       0x34 ./Drivers/STM32F4xx_HAL_Driver/Src/stm32f4xx_hal_dma.o
 .ARM.attributes
                0x00000217       0x34 ./Drivers/STM32F4xx_HAL_Driver/Src/stm32f4xx_hal_gpio.o
 .ARM.attributes
                0x0000024b       0x34 ./Drivers/STM32F4xx_HAL_Driver/Src/stm32f4xx_hal_rcc.o
 .ARM.attributes
                0x0000027f       0x34 ./Drivers/STM32F4xx_HAL_Driver/Src/stm32f4xx_hal_tim.o
 .ARM.attributes
                0x000002b3       0x34 ./Drivers/STM32F4xx_HAL_Driver/Src/stm32f4xx_hal_tim_ex.o
 .ARM.attributes
                0x000002e7       0x34 ./Drivers/STM32F4xx_HAL_Driver/Src/stm32f4xx_hal_uart.o
 .ARM.attributes
                0x0000031b       0x34 ./Drivers/Seven_segment/Src/7SEG.o
 .ARM.attributes
                0x0000034f       0x34 ./User/Src/_001_mode.o
 .ARM.attributes
                0x00000383       0x34 ./User/Src/_002_timer.o
 .ARM.attributes
                0x000003b7       0x34 ./User/Src/_003_uart.o
 .ARM.attributes
                0x000003eb       0x34 ./User/Src/_101_digital_clock.o
 .ARM.attributes
                0x0000041f       0x34 ./User/Src/_103_seven_segment.o
 .ARM.attributes
                0x00000453       0x34 ./User/Src/_105_button.o
 .ARM.attributes
                0x00000487       0x34 C:/ST/STM32CubeIDE_1.16.1/STM32CubeIDE/plugins/com.st.stm32cube.ide.mcu.externaltools.gnu-tools-for-stm32.12.3.rel1.win32_1.0.200.202406191623/tools/bin/../lib/gcc/arm-none-eabi/12.3.1/../../../../arm-none-eabi/lib/thumb/v7e-m+fp/hard\libc_nano.a(libc_a-memset.o)
 .ARM.attributes
                0x000004bb       0x34 C:/ST/STM32CubeIDE_1.16.1/STM32CubeIDE/plugins/com.st.stm32cube.ide.mcu.externaltools.gnu-tools-for-stm32.12.3.rel1.win32_1.0.200.202406191623/tools/bin/../lib/gcc/arm-none-eabi/12.3.1/../../../../arm-none-eabi/lib/thumb/v7e-m+fp/hard\libc_nano.a(libc_a-init.o)
 .ARM.attributes
                0x000004ef       0x22 C:/ST/STM32CubeIDE_1.16.1/STM32CubeIDE/plugins/com.st.stm32cube.ide.mcu.externaltools.gnu-tools-for-stm32.12.3.rel1.win32_1.0.200.202406191623/tools/bin/../lib/gcc/arm-none-eabi/12.3.1/thumb/v7e-m+fp/hard\libgcc.a(_aeabi_uldivmod.o)
 .ARM.attributes
                0x00000511       0x34 C:/ST/STM32CubeIDE_1.16.1/STM32CubeIDE/plugins/com.st.stm32cube.ide.mcu.externaltools.gnu-tools-for-stm32.12.3.rel1.win32_1.0.200.202406191623/tools/bin/../lib/gcc/arm-none-eabi/12.3.1/thumb/v7e-m+fp/hard\libgcc.a(_udivmoddi4.o)
 .ARM.attributes
                0x00000545       0x22 C:/ST/STM32CubeIDE_1.16.1/STM32CubeIDE/plugins/com.st.stm32cube.ide.mcu.externaltools.gnu-tools-for-stm32.12.3.rel1.win32_1.0.200.202406191623/tools/bin/../lib/gcc/arm-none-eabi/12.3.1/thumb/v7e-m+fp/hard\libgcc.a(_dvmd_tls.o)
 .ARM.attributes
                0x00000567       0x22 C:/ST/STM32CubeIDE_1.16.1/STM32CubeIDE/plugins/com.st.stm32cube.ide.mcu.externaltools.gnu-tools-for-stm32.12.3.rel1.win32_1.0.200.202406191623/tools/bin/../lib/gcc/arm-none-eabi/12.3.1/thumb/v7e-m+fp/hard/crtn.o
OUTPUT(Challenge 3. Stopwatch - Display Time on CLCD and Save and Display Lap Times.elf elf32-littlearm)
LOAD linker stubs
LOAD C:/ST/STM32CubeIDE_1.16.1/STM32CubeIDE/plugins/com.st.stm32cube.ide.mcu.externaltools.gnu-tools-for-stm32.12.3.rel1.win32_1.0.200.202406191623/tools/bin/../lib/gcc/arm-none-eabi/12.3.1/../../../../arm-none-eabi/lib/thumb/v7e-m+fp/hard\libc.a
LOAD C:/ST/STM32CubeIDE_1.16.1/STM32CubeIDE/plugins/com.st.stm32cube.ide.mcu.externaltools.gnu-tools-for-stm32.12.3.rel1.win32_1.0.200.202406191623/tools/bin/../lib/gcc/arm-none-eabi/12.3.1/../../../../arm-none-eabi/lib/thumb/v7e-m+fp/hard\libm.a
LOAD C:/ST/STM32CubeIDE_1.16.1/STM32CubeIDE/plugins/com.st.stm32cube.ide.mcu.externaltools.gnu-tools-for-stm32.12.3.rel1.win32_1.0.200.202406191623/tools/bin/../lib/gcc/arm-none-eabi/12.3.1/thumb/v7e-m+fp/hard\libgcc.a

.debug_info     0x00000000     0xf5fe
 .debug_info    0x00000000     0x1848 ./Core/Src/main.o
 .debug_info    0x00001848      0xefd ./Core/Src/stm32f4xx_hal_msp.o
 .debug_info    0x00002745      0x9d0 ./Core/Src/stm32f4xx_it.o
 .debug_info    0x00003115      0x512 ./Core/Src/system_stm32f4xx.o
 .debug_info    0x00003627       0x30 ./Core/Startup/startup_stm32f407vetx.o
 .debug_info    0x00003657      0x469 ./Drivers/CLCD/Src/CLCD.o
 .debug_info    0x00003ac0      0x944 ./Drivers/STM32F4xx_HAL_Driver/Src/stm32f4xx_hal.o
 .debug_info    0x00004404      0xd8c ./Drivers/STM32F4xx_HAL_Driver/Src/stm32f4xx_hal_cortex.o
 .debug_info    0x00005190      0x8e7 ./Drivers/STM32F4xx_HAL_Driver/Src/stm32f4xx_hal_dma.o
 .debug_info    0x00005a77      0x6c3 ./Drivers/STM32F4xx_HAL_Driver/Src/stm32f4xx_hal_gpio.o
 .debug_info    0x0000613a      0x8af ./Drivers/STM32F4xx_HAL_Driver/Src/stm32f4xx_hal_rcc.o
 .debug_info    0x000069e9     0x299d ./Drivers/STM32F4xx_HAL_Driver/Src/stm32f4xx_hal_tim.o
 .debug_info    0x00009386     0x14db ./Drivers/STM32F4xx_HAL_Driver/Src/stm32f4xx_hal_tim_ex.o
 .debug_info    0x0000a861     0x2f4f ./Drivers/STM32F4xx_HAL_Driver/Src/stm32f4xx_hal_uart.o
 .debug_info    0x0000d7b0      0x446 ./Drivers/Seven_segment/Src/7SEG.o
 .debug_info    0x0000dbf6       0x99 ./User/Src/_001_mode.o
 .debug_info    0x0000dc8f      0x444 ./User/Src/_002_timer.o
 .debug_info    0x0000e0d3      0x720 ./User/Src/_003_uart.o
 .debug_info    0x0000e7f3      0x44d ./User/Src/_101_digital_clock.o
 .debug_info    0x0000ec40      0x6c7 ./User/Src/_103_seven_segment.o
 .debug_info    0x0000f307      0x2f7 ./User/Src/_105_button.o

.debug_abbrev   0x00000000     0x27f0
 .debug_abbrev  0x00000000      0x324 ./Core/Src/main.o
 .debug_abbrev  0x00000324      0x1f7 ./Core/Src/stm32f4xx_hal_msp.o
 .debug_abbrev  0x0000051b      0x1ca ./Core/Src/stm32f4xx_it.o
 .debug_abbrev  0x000006e5      0x11a ./Core/Src/system_stm32f4xx.o
 .debug_abbrev  0x000007ff       0x24 ./Core/Startup/startup_stm32f407vetx.o
 .debug_abbrev  0x00000823      0x185 ./Drivers/CLCD/Src/CLCD.o
 .debug_abbrev  0x000009a8      0x214 ./Drivers/STM32F4xx_HAL_Driver/Src/stm32f4xx_hal.o
 .debug_abbrev  0x00000bbc      0x31d ./Drivers/STM32F4xx_HAL_Driver/Src/stm32f4xx_hal_cortex.o
 .debug_abbrev  0x00000ed9      0x264 ./Drivers/STM32F4xx_HAL_Driver/Src/stm32f4xx_hal_dma.o
 .debug_abbrev  0x0000113d      0x1d4 ./Drivers/STM32F4xx_HAL_Driver/Src/stm32f4xx_hal_gpio.o
 .debug_abbrev  0x00001311      0x2b7 ./Drivers/STM32F4xx_HAL_Driver/Src/stm32f4xx_hal_rcc.o
 .debug_abbrev  0x000015c8      0x278 ./Drivers/STM32F4xx_HAL_Driver/Src/stm32f4xx_hal_tim.o
 .debug_abbrev  0x00001840      0x283 ./Drivers/STM32F4xx_HAL_Driver/Src/stm32f4xx_hal_tim_ex.o
 .debug_abbrev  0x00001ac3      0x30e ./Drivers/STM32F4xx_HAL_Driver/Src/stm32f4xx_hal_uart.o
 .debug_abbrev  0x00001dd1      0x17f ./Drivers/Seven_segment/Src/7SEG.o
 .debug_abbrev  0x00001f50       0x83 ./User/Src/_001_mode.o
 .debug_abbrev  0x00001fd3      0x15c ./User/Src/_002_timer.o
 .debug_abbrev  0x0000212f      0x1c2 ./User/Src/_003_uart.o
 .debug_abbrev  0x000022f1      0x1a0 ./User/Src/_101_digital_clock.o
 .debug_abbrev  0x00002491      0x1d1 ./User/Src/_103_seven_segment.o
 .debug_abbrev  0x00002662      0x18e ./User/Src/_105_button.o

.debug_aranges  0x00000000      0xe60
 .debug_aranges
                0x00000000       0x68 ./Core/Src/main.o
 .debug_aranges
                0x00000068       0x40 ./Core/Src/stm32f4xx_hal_msp.o
 .debug_aranges
                0x000000a8       0x88 ./Core/Src/stm32f4xx_it.o
 .debug_aranges
                0x00000130       0x28 ./Core/Src/system_stm32f4xx.o
 .debug_aranges
                0x00000158       0x28 ./Core/Startup/startup_stm32f407vetx.o
 .debug_aranges
                0x00000180       0x50 ./Drivers/CLCD/Src/CLCD.o
 .debug_aranges
                0x000001d0       0xf0 ./Drivers/STM32F4xx_HAL_Driver/Src/stm32f4xx_hal.o
 .debug_aranges
                0x000002c0      0x130 ./Drivers/STM32F4xx_HAL_Driver/Src/stm32f4xx_hal_cortex.o
 .debug_aranges
                0x000003f0       0x90 ./Drivers/STM32F4xx_HAL_Driver/Src/stm32f4xx_hal_dma.o
 .debug_aranges
                0x00000480       0x58 ./Drivers/STM32F4xx_HAL_Driver/Src/stm32f4xx_hal_gpio.o
 .debug_aranges
                0x000004d8       0x88 ./Drivers/STM32F4xx_HAL_Driver/Src/stm32f4xx_hal_rcc.o
 .debug_aranges
                0x00000560      0x3d0 ./Drivers/STM32F4xx_HAL_Driver/Src/stm32f4xx_hal_tim.o
 .debug_aranges
                0x00000930      0x168 ./Drivers/STM32F4xx_HAL_Driver/Src/stm32f4xx_hal_tim_ex.o
 .debug_aranges
                0x00000a98      0x208 ./Drivers/STM32F4xx_HAL_Driver/Src/stm32f4xx_hal_uart.o
 .debug_aranges
                0x00000ca0       0x28 ./Drivers/Seven_segment/Src/7SEG.o
 .debug_aranges
                0x00000cc8       0x20 ./User/Src/_001_mode.o
 .debug_aranges
                0x00000ce8       0x68 ./User/Src/_002_timer.o
 .debug_aranges
                0x00000d50       0x38 ./User/Src/_003_uart.o
 .debug_aranges
                0x00000d88       0x48 ./User/Src/_101_digital_clock.o
 .debug_aranges
                0x00000dd0       0x48 ./User/Src/_103_seven_segment.o
 .debug_aranges
                0x00000e18       0x48 ./User/Src/_105_button.o

.debug_rnglists
                0x00000000      0xb19
 .debug_rnglists
                0x00000000       0x4c ./Core/Src/main.o
 .debug_rnglists
                0x0000004c       0x2c ./Core/Src/stm32f4xx_hal_msp.o
 .debug_rnglists
                0x00000078       0x61 ./Core/Src/stm32f4xx_it.o
 .debug_rnglists
                0x000000d9       0x1a ./Core/Src/system_stm32f4xx.o
 .debug_rnglists
                0x000000f3       0x19 ./Core/Startup/startup_stm32f407vetx.o
 .debug_rnglists
                0x0000010c       0x3a ./Drivers/CLCD/Src/CLCD.o
 .debug_rnglists
                0x00000146       0xaf ./Drivers/STM32F4xx_HAL_Driver/Src/stm32f4xx_hal.o
 .debug_rnglists
                0x000001f5       0xe0 ./Drivers/STM32F4xx_HAL_Driver/Src/stm32f4xx_hal_cortex.o
 .debug_rnglists
                0x000002d5       0x70 ./Drivers/STM32F4xx_HAL_Driver/Src/stm32f4xx_hal_dma.o
 .debug_rnglists
                0x00000345       0x3f ./Drivers/STM32F4xx_HAL_Driver/Src/stm32f4xx_hal_gpio.o
 .debug_rnglists
                0x00000384       0x66 ./Drivers/STM32F4xx_HAL_Driver/Src/stm32f4xx_hal_rcc.o
 .debug_rnglists
                0x000003ea      0x31a ./Drivers/STM32F4xx_HAL_Driver/Src/stm32f4xx_hal_tim.o
 .debug_rnglists
                0x00000704      0x125 ./Drivers/STM32F4xx_HAL_Driver/Src/stm32f4xx_hal_tim_ex.o
 .debug_rnglists
                0x00000829      0x1bc ./Drivers/STM32F4xx_HAL_Driver/Src/stm32f4xx_hal_uart.o
 .debug_rnglists
                0x000009e5       0x1b ./Drivers/Seven_segment/Src/7SEG.o
 .debug_rnglists
                0x00000a00       0x13 ./User/Src/_001_mode.o
 .debug_rnglists
                0x00000a13       0x4b ./User/Src/_002_timer.o
 .debug_rnglists
                0x00000a5e       0x25 ./User/Src/_003_uart.o
 .debug_rnglists
                0x00000a83       0x31 ./User/Src/_101_digital_clock.o
 .debug_rnglists
                0x00000ab4       0x34 ./User/Src/_103_seven_segment.o
 .debug_rnglists
                0x00000ae8       0x31 ./User/Src/_105_button.o

.debug_macro    0x00000000    0x21e86
 .debug_macro   0x00000000      0x358 ./Core/Src/main.o
 .debug_macro   0x00000358      0xab4 ./Core/Src/main.o
 .debug_macro   0x00000e0c       0x10 ./Core/Src/main.o
 .debug_macro   0x00000e1c       0x22 ./Core/Src/main.o
 .debug_macro   0x00000e3e       0x8e ./Core/Src/main.o
 .debug_macro   0x00000ecc       0x51 ./Core/Src/main.o
 .debug_macro   0x00000f1d      0x103 ./Core/Src/main.o
 .debug_macro   0x00001020       0x6a ./Core/Src/main.o
 .debug_macro   0x0000108a      0x1df ./Core/Src/main.o
 .debug_macro   0x00001269      0x29b ./Core/Src/main.o
 .debug_macro   0x00001504       0x2e ./Core/Src/main.o
 .debug_macro   0x00001532       0x2f ./Core/Src/main.o
 .debug_macro   0x00001561       0x1c ./Core/Src/main.o
 .debug_macro   0x0000157d       0x22 ./Core/Src/main.o
 .debug_macro   0x0000159f       0xfb ./Core/Src/main.o
 .debug_macro   0x0000169a     0x1011 ./Core/Src/main.o
 .debug_macro   0x000026ab      0x11f ./Core/Src/main.o
 .debug_macro   0x000027ca    0x15e97 ./Core/Src/main.o
 .debug_macro   0x00018661       0x6d ./Core/Src/main.o
 .debug_macro   0x000186ce     0x369a ./Core/Src/main.o
 .debug_macro   0x0001bd68      0x189 ./Core/Src/main.o
 .debug_macro   0x0001bef1       0x5c ./Core/Src/main.o
 .debug_macro   0x0001bf4d      0x980 ./Core/Src/main.o
 .debug_macro   0x0001c8cd      0x9e9 ./Core/Src/main.o
 .debug_macro   0x0001d2b6      0x115 ./Core/Src/main.o
 .debug_macro   0x0001d3cb      0x13e ./Core/Src/main.o
 .debug_macro   0x0001d509       0xa5 ./Core/Src/main.o
 .debug_macro   0x0001d5ae      0x174 ./Core/Src/main.o
 .debug_macro   0x0001d722      0x287 ./Core/Src/main.o
 .debug_macro   0x0001d9a9       0x5f ./Core/Src/main.o
 .debug_macro   0x0001da08      0x236 ./Core/Src/main.o
 .debug_macro   0x0001dc3e      0x12c ./Core/Src/main.o
 .debug_macro   0x0001dd6a      0x21e ./Core/Src/main.o
 .debug_macro   0x0001df88       0x2e ./Core/Src/main.o
 .debug_macro   0x0001dfb6      0x127 ./Core/Src/main.o
 .debug_macro   0x0001e0dd       0x7e ./Core/Src/main.o
 .debug_macro   0x0001e15b       0x89 ./Core/Src/main.o
 .debug_macro   0x0001e1e4      0x8ed ./Core/Src/main.o
 .debug_macro   0x0001ead1       0x4d ./Core/Src/main.o
 .debug_macro   0x0001eb1e      0x2aa ./Core/Src/main.o
 .debug_macro   0x0001edc8      0x12d ./Core/Src/main.o
 .debug_macro   0x0001eef5       0xe8 ./Core/Src/main.o
 .debug_macro   0x0001efdd       0x22 ./Core/Src/main.o
 .debug_macro   0x0001efff       0x61 ./Core/Src/main.o
 .debug_macro   0x0001f060       0x2a ./Core/Src/main.o
 .debug_macro   0x0001f08a       0x43 ./Core/Src/main.o
 .debug_macro   0x0001f0cd       0x34 ./Core/Src/main.o
 .debug_macro   0x0001f101       0x16 ./Core/Src/main.o
 .debug_macro   0x0001f117       0x35 ./Core/Src/main.o
 .debug_macro   0x0001f14c      0x369 ./Core/Src/main.o
 .debug_macro   0x0001f4b5       0x10 ./Core/Src/main.o
 .debug_macro   0x0001f4c5       0x16 ./Core/Src/main.o
 .debug_macro   0x0001f4db       0x43 ./Core/Src/main.o
 .debug_macro   0x0001f51e       0x34 ./Core/Src/main.o
 .debug_macro   0x0001f552       0x10 ./Core/Src/main.o
 .debug_macro   0x0001f562       0x58 ./Core/Src/main.o
 .debug_macro   0x0001f5ba       0x8e ./Core/Src/main.o
 .debug_macro   0x0001f648       0x1c ./Core/Src/main.o
 .debug_macro   0x0001f664      0x177 ./Core/Src/main.o
 .debug_macro   0x0001f7db       0x16 ./Core/Src/main.o
 .debug_macro   0x0001f7f1       0x16 ./Core/Src/main.o
 .debug_macro   0x0001f807      0x146 ./Core/Src/main.o
 .debug_macro   0x0001f94d       0x16 ./Core/Src/main.o
 .debug_macro   0x0001f963       0x20 ./Core/Src/main.o
 .debug_macro   0x0001f983       0x5e ./Core/Src/main.o
 .debug_macro   0x0001f9e1      0x1a2 ./Core/Src/main.o
 .debug_macro   0x0001fb83       0x16 ./Core/Src/main.o
 .debug_macro   0x0001fb99      0x1dd ./Core/Src/stm32f4xx_hal_msp.o
 .debug_macro   0x0001fd76      0x1e7 ./Core/Src/stm32f4xx_it.o
 .debug_macro   0x0001ff5d      0x1ce ./Core/Src/system_stm32f4xx.o
 .debug_macro   0x0002012b      0x1dd ./Drivers/CLCD/Src/CLCD.o
 .debug_macro   0x00020308       0x58 ./Drivers/CLCD/Src/CLCD.o
 .debug_macro   0x00020360      0x22e ./Drivers/STM32F4xx_HAL_Driver/Src/stm32f4xx_hal.o
 .debug_macro   0x0002058e      0x1ce ./Drivers/STM32F4xx_HAL_Driver/Src/stm32f4xx_hal_cortex.o
 .debug_macro   0x0002075c      0x1d4 ./Drivers/STM32F4xx_HAL_Driver/Src/stm32f4xx_hal_dma.o
 .debug_macro   0x00020930      0x1d4 ./Drivers/STM32F4xx_HAL_Driver/Src/stm32f4xx_hal_gpio.o
 .debug_macro   0x00020b04      0x1f2 ./Drivers/STM32F4xx_HAL_Driver/Src/stm32f4xx_hal_rcc.o
 .debug_macro   0x00020cf6      0x1cf ./Drivers/STM32F4xx_HAL_Driver/Src/stm32f4xx_hal_tim.o
 .debug_macro   0x00020ec5      0x1ce ./Drivers/STM32F4xx_HAL_Driver/Src/stm32f4xx_hal_tim_ex.o
 .debug_macro   0x00021093      0x1cf ./Drivers/STM32F4xx_HAL_Driver/Src/stm32f4xx_hal_uart.o
 .debug_macro   0x00021262      0x1dd ./Drivers/Seven_segment/Src/7SEG.o
 .debug_macro   0x0002143f      0x19c ./Drivers/Seven_segment/Src/7SEG.o
 .debug_macro   0x000215db       0x1b ./User/Src/_001_mode.o
 .debug_macro   0x000215f6       0x6d ./User/Src/_002_timer.o
 .debug_macro   0x00021663      0x1e7 ./User/Src/_003_uart.o
 .debug_macro   0x0002184a      0x21c ./User/Src/_101_digital_clock.o
 .debug_macro   0x00021a66       0x10 ./User/Src/_101_digital_clock.o
 .debug_macro   0x00021a76      0x220 ./User/Src/_103_seven_segment.o
 .debug_macro   0x00021c96      0x1f0 ./User/Src/_105_button.o

.debug_line     0x00000000    0x120d6
 .debug_line    0x00000000      0xc13 ./Core/Src/main.o
 .debug_line    0x00000c13      0x7d6 ./Core/Src/stm32f4xx_hal_msp.o
 .debug_line    0x000013e9      0x88a ./Core/Src/stm32f4xx_it.o
 .debug_line    0x00001c73      0x7d3 ./Core/Src/system_stm32f4xx.o
 .debug_line    0x00002446       0x7a ./Core/Startup/startup_stm32f407vetx.o
 .debug_line    0x000024c0      0xe0b ./Drivers/CLCD/Src/CLCD.o
 .debug_line    0x000032cb      0xa3c ./Drivers/STM32F4xx_HAL_Driver/Src/stm32f4xx_hal.o
 .debug_line    0x00003d07      0xd2e ./Drivers/STM32F4xx_HAL_Driver/Src/stm32f4xx_hal_cortex.o
 .debug_line    0x00004a35      0xfac ./Drivers/STM32F4xx_HAL_Driver/Src/stm32f4xx_hal_dma.o
 .debug_line    0x000059e1      0xbc8 ./Drivers/STM32F4xx_HAL_Driver/Src/stm32f4xx_hal_gpio.o
 .debug_line    0x000065a9      0xdc7 ./Drivers/STM32F4xx_HAL_Driver/Src/stm32f4xx_hal_rcc.o
 .debug_line    0x00007370     0x37e0 ./Drivers/STM32F4xx_HAL_Driver/Src/stm32f4xx_hal_tim.o
 .debug_line    0x0000ab50     0x1a32 ./Drivers/STM32F4xx_HAL_Driver/Src/stm32f4xx_hal_tim_ex.o
 .debug_line    0x0000c582     0x290e ./Drivers/STM32F4xx_HAL_Driver/Src/stm32f4xx_hal_uart.o
 .debug_line    0x0000ee90      0xa08 ./Drivers/Seven_segment/Src/7SEG.o
 .debug_line    0x0000f898       0x6a ./User/Src/_001_mode.o
 .debug_line    0x0000f902      0x5a3 ./User/Src/_002_timer.o
 .debug_line    0x0000fea5      0x7ab ./User/Src/_003_uart.o
 .debug_line    0x00010650      0x8fd ./User/Src/_101_digital_clock.o
 .debug_line    0x00010f4d      0x97e ./User/Src/_103_seven_segment.o
 .debug_line    0x000118cb      0x80b ./User/Src/_105_button.o

.debug_str      0x00000000    0xcc3bf
 .debug_str     0x00000000    0xc961e ./Core/Src/main.o
                              0xc9a88 (size before relaxing)
 .debug_str     0x000c961e       0xaa ./Core/Src/stm32f4xx_hal_msp.o
                              0xc4fa7 (size before relaxing)
 .debug_str     0x000c96c8      0x166 ./Core/Src/stm32f4xx_it.o
                              0xc49f9 (size before relaxing)
 .debug_str     0x000c982e       0xdb ./Core/Src/system_stm32f4xx.o
                              0xc3f61 (size before relaxing)
 .debug_str     0x000c9909       0x44 ./Core/Startup/startup_stm32f407vetx.o
                                 0xbf (size before relaxing)
 .debug_str     0x000c994d       0x70 ./Drivers/CLCD/Src/CLCD.o
                              0xc409f (size before relaxing)
 .debug_str     0x000c99bd      0x60d ./Drivers/STM32F4xx_HAL_Driver/Src/stm32f4xx_hal.o
                              0xc4ae5 (size before relaxing)
 .debug_str     0x000c9fca      0x36b ./Drivers/STM32F4xx_HAL_Driver/Src/stm32f4xx_hal_cortex.o
                              0xc4861 (size before relaxing)
 .debug_str     0x000ca335      0x31d ./Drivers/STM32F4xx_HAL_Driver/Src/stm32f4xx_hal_dma.o
                              0xc437b (size before relaxing)
 .debug_str     0x000ca652       0xe2 ./Drivers/STM32F4xx_HAL_Driver/Src/stm32f4xx_hal_gpio.o
                              0xc40dc (size before relaxing)
 .debug_str     0x000ca734      0x233 ./Drivers/STM32F4xx_HAL_Driver/Src/stm32f4xx_hal_rcc.o
                              0xc4395 (size before relaxing)
 .debug_str     0x000ca967      0xe1a ./Drivers/STM32F4xx_HAL_Driver/Src/stm32f4xx_hal_tim.o
                              0xc52eb (size before relaxing)
 .debug_str     0x000cb781      0x493 ./Drivers/STM32F4xx_HAL_Driver/Src/stm32f4xx_hal_tim_ex.o
                              0xc4af7 (size before relaxing)
 .debug_str     0x000cbc14      0x5eb ./Drivers/STM32F4xx_HAL_Driver/Src/stm32f4xx_hal_uart.o
                              0xc4976 (size before relaxing)
 .debug_str     0x000cc1ff       0x34 ./Drivers/Seven_segment/Src/7SEG.o
                              0xc4a72 (size before relaxing)
 .debug_str     0x000cc233       0x21 ./User/Src/_001_mode.o
                               0x2ea8 (size before relaxing)
 .debug_str     0x000cc254       0x58 ./User/Src/_002_timer.o
                               0x3ef5 (size before relaxing)
 .debug_str     0x000cc2ac       0x18 ./User/Src/_003_uart.o
                              0xc4687 (size before relaxing)
 .debug_str     0x000cc2c4       0x7d ./User/Src/_101_digital_clock.o
                              0xc449d (size before relaxing)
 .debug_str     0x000cc341       0x64 ./User/Src/_103_seven_segment.o
                              0xc504d (size before relaxing)
 .debug_str     0x000cc3a5       0x1a ./User/Src/_105_button.o
                              0xc42d6 (size before relaxing)

.comment        0x00000000       0x43
 .comment       0x00000000       0x43 ./Core/Src/main.o
                                 0x44 (size before relaxing)
 .comment       0x00000043       0x44 ./Core/Src/stm32f4xx_hal_msp.o
 .comment       0x00000043       0x44 ./Core/Src/stm32f4xx_it.o
 .comment       0x00000043       0x44 ./Core/Src/system_stm32f4xx.o
 .comment       0x00000043       0x44 ./Drivers/CLCD/Src/CLCD.o
 .comment       0x00000043       0x44 ./Drivers/STM32F4xx_HAL_Driver/Src/stm32f4xx_hal.o
 .comment       0x00000043       0x44 ./Drivers/STM32F4xx_HAL_Driver/Src/stm32f4xx_hal_cortex.o
 .comment       0x00000043       0x44 ./Drivers/STM32F4xx_HAL_Driver/Src/stm32f4xx_hal_dma.o
 .comment       0x00000043       0x44 ./Drivers/STM32F4xx_HAL_Driver/Src/stm32f4xx_hal_gpio.o
 .comment       0x00000043       0x44 ./Drivers/STM32F4xx_HAL_Driver/Src/stm32f4xx_hal_rcc.o
 .comment       0x00000043       0x44 ./Drivers/STM32F4xx_HAL_Driver/Src/stm32f4xx_hal_tim.o
 .comment       0x00000043       0x44 ./Drivers/STM32F4xx_HAL_Driver/Src/stm32f4xx_hal_tim_ex.o
 .comment       0x00000043       0x44 ./Drivers/STM32F4xx_HAL_Driver/Src/stm32f4xx_hal_uart.o
 .comment       0x00000043       0x44 ./Drivers/Seven_segment/Src/7SEG.o
 .comment       0x00000043       0x44 ./User/Src/_001_mode.o
 .comment       0x00000043       0x44 ./User/Src/_002_timer.o
 .comment       0x00000043       0x44 ./User/Src/_003_uart.o
 .comment       0x00000043       0x44 ./User/Src/_101_digital_clock.o
 .comment       0x00000043       0x44 ./User/Src/_103_seven_segment.o
 .comment       0x00000043       0x44 ./User/Src/_105_button.o

.debug_frame    0x00000000     0x3a78
 .debug_frame   0x00000000      0x15c ./Core/Src/main.o
 .debug_frame   0x0000015c       0xcc ./Core/Src/stm32f4xx_hal_msp.o
 .debug_frame   0x00000228      0x190 ./Core/Src/stm32f4xx_it.o
 .debug_frame   0x000003b8       0x58 ./Core/Src/system_stm32f4xx.o
 .debug_frame   0x00000410       0xfc ./Drivers/CLCD/Src/CLCD.o
 .debug_frame   0x0000050c      0x374 ./Drivers/STM32F4xx_HAL_Driver/Src/stm32f4xx_hal.o
 .debug_frame   0x00000880      0x508 ./Drivers/STM32F4xx_HAL_Driver/Src/stm32f4xx_hal_cortex.o
 .debug_frame   0x00000d88      0x250 ./Drivers/STM32F4xx_HAL_Driver/Src/stm32f4xx_hal_dma.o
 .debug_frame   0x00000fd8      0x14c ./Drivers/STM32F4xx_HAL_Driver/Src/stm32f4xx_hal_gpio.o
 .debug_frame   0x00001124      0x1f4 ./Drivers/STM32F4xx_HAL_Driver/Src/stm32f4xx_hal_rcc.o
 .debug_frame   0x00001318     0x11c0 ./Drivers/STM32F4xx_HAL_Driver/Src/stm32f4xx_hal_tim.o
 .debug_frame   0x000024d8      0x638 ./Drivers/STM32F4xx_HAL_Driver/Src/stm32f4xx_hal_tim_ex.o
 .debug_frame   0x00002b10      0x954 ./Drivers/STM32F4xx_HAL_Driver/Src/stm32f4xx_hal_uart.o
 .debug_frame   0x00003464       0x5c ./Drivers/Seven_segment/Src/7SEG.o
 .debug_frame   0x000034c0       0x30 ./User/Src/_001_mode.o
 .debug_frame   0x000034f0      0x188 ./User/Src/_002_timer.o
 .debug_frame   0x00003678       0xa4 ./User/Src/_003_uart.o
 .debug_frame   0x0000371c       0xe4 ./User/Src/_101_digital_clock.o
 .debug_frame   0x00003800       0xf0 ./User/Src/_103_seven_segment.o
 .debug_frame   0x000038f0       0xdc ./User/Src/_105_button.o
 .debug_frame   0x000039cc       0x20 C:/ST/STM32CubeIDE_1.16.1/STM32CubeIDE/plugins/com.st.stm32cube.ide.mcu.externaltools.gnu-tools-for-stm32.12.3.rel1.win32_1.0.200.202406191623/tools/bin/../lib/gcc/arm-none-eabi/12.3.1/../../../../arm-none-eabi/lib/thumb/v7e-m+fp/hard\libc_nano.a(libc_a-memset.o)
 .debug_frame   0x000039ec       0x2c C:/ST/STM32CubeIDE_1.16.1/STM32CubeIDE/plugins/com.st.stm32cube.ide.mcu.externaltools.gnu-tools-for-stm32.12.3.rel1.win32_1.0.200.202406191623/tools/bin/../lib/gcc/arm-none-eabi/12.3.1/../../../../arm-none-eabi/lib/thumb/v7e-m+fp/hard\libc_nano.a(libc_a-init.o)
 .debug_frame   0x00003a18       0x2c C:/ST/STM32CubeIDE_1.16.1/STM32CubeIDE/plugins/com.st.stm32cube.ide.mcu.externaltools.gnu-tools-for-stm32.12.3.rel1.win32_1.0.200.202406191623/tools/bin/../lib/gcc/arm-none-eabi/12.3.1/thumb/v7e-m+fp/hard\libgcc.a(_aeabi_uldivmod.o)
 .debug_frame   0x00003a44       0x34 C:/ST/STM32CubeIDE_1.16.1/STM32CubeIDE/plugins/com.st.stm32cube.ide.mcu.externaltools.gnu-tools-for-stm32.12.3.rel1.win32_1.0.200.202406191623/tools/bin/../lib/gcc/arm-none-eabi/12.3.1/thumb/v7e-m+fp/hard\libgcc.a(_udivmoddi4.o)

.debug_line_str
                0x00000000       0xa3
 .debug_line_str
                0x00000000       0xa3 ./Core/Startup/startup_stm32f407vetx.o
