Archive member included to satisfy reference by file (symbol)

C:/ST/STM32CubeIDE_1.16.1/STM32CubeIDE/plugins/com.st.stm32cube.ide.mcu.externaltools.gnu-tools-for-stm32.12.3.rel1.win32_1.0.200.202406191623/tools/bin/../lib/gcc/arm-none-eabi/12.3.1/../../../../arm-none-eabi/lib/thumb/v7e-m+fp/hard\libc_nano.a(libc_a-exit.o)
                              C:/ST/STM32CubeIDE_1.16.1/STM32CubeIDE/plugins/com.st.stm32cube.ide.mcu.externaltools.gnu-tools-for-stm32.12.3.rel1.win32_1.0.200.202406191623/tools/bin/../lib/gcc/arm-none-eabi/12.3.1/../../../../arm-none-eabi/lib/thumb/v7e-m+fp/hard/crt0.o (exit)
C:/ST/STM32CubeIDE_1.16.1/STM32CubeIDE/plugins/com.st.stm32cube.ide.mcu.externaltools.gnu-tools-for-stm32.12.3.rel1.win32_1.0.200.202406191623/tools/bin/../lib/gcc/arm-none-eabi/12.3.1/../../../../arm-none-eabi/lib/thumb/v7e-m+fp/hard\libc_nano.a(libc_a-findfp.o)
                              C:/ST/STM32CubeIDE_1.16.1/STM32CubeIDE/plugins/com.st.stm32cube.ide.mcu.externaltools.gnu-tools-for-stm32.12.3.rel1.win32_1.0.200.202406191623/tools/bin/../lib/gcc/arm-none-eabi/12.3.1/../../../../arm-none-eabi/lib/thumb/v7e-m+fp/hard\libc_nano.a(libc_a-exit.o) (__stdio_exit_handler)
C:/ST/STM32CubeIDE_1.16.1/STM32CubeIDE/plugins/com.st.stm32cube.ide.mcu.externaltools.gnu-tools-for-stm32.12.3.rel1.win32_1.0.200.202406191623/tools/bin/../lib/gcc/arm-none-eabi/12.3.1/../../../../arm-none-eabi/lib/thumb/v7e-m+fp/hard\libc_nano.a(libc_a-fwalk.o)
                              C:/ST/STM32CubeIDE_1.16.1/STM32CubeIDE/plugins/com.st.stm32cube.ide.mcu.externaltools.gnu-tools-for-stm32.12.3.rel1.win32_1.0.200.202406191623/tools/bin/../lib/gcc/arm-none-eabi/12.3.1/../../../../arm-none-eabi/lib/thumb/v7e-m+fp/hard\libc_nano.a(libc_a-findfp.o) (_fwalk_sglue)
C:/ST/STM32CubeIDE_1.16.1/STM32CubeIDE/plugins/com.st.stm32cube.ide.mcu.externaltools.gnu-tools-for-stm32.12.3.rel1.win32_1.0.200.202406191623/tools/bin/../lib/gcc/arm-none-eabi/12.3.1/../../../../arm-none-eabi/lib/thumb/v7e-m+fp/hard\libc_nano.a(libc_a-stdio.o)
                              C:/ST/STM32CubeIDE_1.16.1/STM32CubeIDE/plugins/com.st.stm32cube.ide.mcu.externaltools.gnu-tools-for-stm32.12.3.rel1.win32_1.0.200.202406191623/tools/bin/../lib/gcc/arm-none-eabi/12.3.1/../../../../arm-none-eabi/lib/thumb/v7e-m+fp/hard\libc_nano.a(libc_a-findfp.o) (__sread)
C:/ST/STM32CubeIDE_1.16.1/STM32CubeIDE/plugins/com.st.stm32cube.ide.mcu.externaltools.gnu-tools-for-stm32.12.3.rel1.win32_1.0.200.202406191623/tools/bin/../lib/gcc/arm-none-eabi/12.3.1/../../../../arm-none-eabi/lib/thumb/v7e-m+fp/hard\libc_nano.a(libc_a-memset.o)
                              C:/ST/STM32CubeIDE_1.16.1/STM32CubeIDE/plugins/com.st.stm32cube.ide.mcu.externaltools.gnu-tools-for-stm32.12.3.rel1.win32_1.0.200.202406191623/tools/bin/../lib/gcc/arm-none-eabi/12.3.1/../../../../arm-none-eabi/lib/thumb/v7e-m+fp/hard/crt0.o (memset)
C:/ST/STM32CubeIDE_1.16.1/STM32CubeIDE/plugins/com.st.stm32cube.ide.mcu.externaltools.gnu-tools-for-stm32.12.3.rel1.win32_1.0.200.202406191623/tools/bin/../lib/gcc/arm-none-eabi/12.3.1/../../../../arm-none-eabi/lib/thumb/v7e-m+fp/hard\libc_nano.a(libc_a-closer.o)
                              C:/ST/STM32CubeIDE_1.16.1/STM32CubeIDE/plugins/com.st.stm32cube.ide.mcu.externaltools.gnu-tools-for-stm32.12.3.rel1.win32_1.0.200.202406191623/tools/bin/../lib/gcc/arm-none-eabi/12.3.1/../../../../arm-none-eabi/lib/thumb/v7e-m+fp/hard\libc_nano.a(libc_a-stdio.o) (_close_r)
C:/ST/STM32CubeIDE_1.16.1/STM32CubeIDE/plugins/com.st.stm32cube.ide.mcu.externaltools.gnu-tools-for-stm32.12.3.rel1.win32_1.0.200.202406191623/tools/bin/../lib/gcc/arm-none-eabi/12.3.1/../../../../arm-none-eabi/lib/thumb/v7e-m+fp/hard\libc_nano.a(libc_a-reent.o)
                              C:/ST/STM32CubeIDE_1.16.1/STM32CubeIDE/plugins/com.st.stm32cube.ide.mcu.externaltools.gnu-tools-for-stm32.12.3.rel1.win32_1.0.200.202406191623/tools/bin/../lib/gcc/arm-none-eabi/12.3.1/../../../../arm-none-eabi/lib/thumb/v7e-m+fp/hard\libc_nano.a(libc_a-closer.o) (errno)
C:/ST/STM32CubeIDE_1.16.1/STM32CubeIDE/plugins/com.st.stm32cube.ide.mcu.externaltools.gnu-tools-for-stm32.12.3.rel1.win32_1.0.200.202406191623/tools/bin/../lib/gcc/arm-none-eabi/12.3.1/../../../../arm-none-eabi/lib/thumb/v7e-m+fp/hard\libc_nano.a(libc_a-impure.o)
                              C:/ST/STM32CubeIDE_1.16.1/STM32CubeIDE/plugins/com.st.stm32cube.ide.mcu.externaltools.gnu-tools-for-stm32.12.3.rel1.win32_1.0.200.202406191623/tools/bin/../lib/gcc/arm-none-eabi/12.3.1/../../../../arm-none-eabi/lib/thumb/v7e-m+fp/hard\libc_nano.a(libc_a-reent.o) (_impure_ptr)
C:/ST/STM32CubeIDE_1.16.1/STM32CubeIDE/plugins/com.st.stm32cube.ide.mcu.externaltools.gnu-tools-for-stm32.12.3.rel1.win32_1.0.200.202406191623/tools/bin/../lib/gcc/arm-none-eabi/12.3.1/../../../../arm-none-eabi/lib/thumb/v7e-m+fp/hard\libc_nano.a(libc_a-lseekr.o)
[...]
Memory Configuration

Name             Origin             Length             Attributes
CCMRAM           0x10000000         0x00010000         xrw
RAM              0x20000000         0x00020000         xrw
FLASH            0x08000000         0x00080000         xr
*default*        0x00000000         0xffffffff

Linker script and memory map

LOAD C:/ST/STM32CubeIDE_1.16.1/STM32CubeIDE/plugins/com.st.stm32cube.ide.mcu.externaltools.gnu-tools-for-stm32.12.3.rel1.win32_1.0.200.202406191623/tools/bin/../lib/gcc/arm-none-eabi/12.3.1/thumb/v7e-m+fp/hard/crti.o
LOAD C:/ST/STM32CubeIDE_1.16.1/STM32CubeIDE/plugins/com.st.stm32cube.ide.mcu.externaltools.gnu-tools-for-stm32.12.3.rel1.win32_1.0.200.202406191623/tools/bin/../lib/gcc/arm-none-eabi/12.3.1/thumb/v7e-m+fp/hard/crtbegin.o
LOAD C:/ST/STM32CubeIDE_1.16.1/STM32CubeIDE/plugins/com.st.stm32cube.ide.mcu.externaltools.gnu-tools-for-stm32.12.3.rel1.win32_1.0.200.202406191623/tools/bin/../lib/gcc/arm-none-eabi/12.3.1/../../../../arm-none-eabi/lib/thumb/v7e-m+fp/hard/crt0.o
LOAD ./Core/Src/main.o
LOAD ./Core/Src/stm32f4xx_hal_msp.o
LOAD ./Core/Src/stm32f4xx_it.o
LOAD ./Core/Src/syscalls.o
LOAD ./Core/Src/sysmem.o
LOAD ./Core/Src/system_stm32f4xx.o
LOAD ./Core/Startup/startup_stm32f407vetx.o
LOAD ./Drivers/STM32F4xx_HAL_Driver/Src/stm32f4xx_hal.o
LOAD ./Drivers/STM32F4xx_HAL_Driver/Src/stm32f4xx_hal_cortex.o
LOAD ./Drivers/STM32F4xx_HAL_Driver/Src/stm32f4xx_hal_dma.o
LOAD ./Drivers/STM32F4xx_HAL_Driver/Src/stm32f4xx_hal_dma_ex.o
LOAD ./Drivers/STM32F4xx_HAL_Driver/Src/stm32f4xx_hal_exti.o
LOAD ./Drivers/STM32F4xx_HAL_Driver/Src/stm32f4xx_hal_flash.o
LOAD ./Drivers/STM32F4xx_HAL_Driver/Src/stm32f4xx_hal_flash_ex.o
LOAD ./Drivers/STM32F4xx_HAL_Driver/Src/stm32f4xx_hal_flash_ramfunc.o
LOAD ./Drivers/STM32F4xx_HAL_Driver/Src/stm32f4xx_hal_gpio.o
LOAD ./Drivers/STM32F4xx_HAL_Driver/Src/stm32f4xx_hal_pwr.o
LOAD ./Drivers/STM32F4xx_HAL_Driver/Src/stm32f4xx_hal_pwr_ex.o
LOAD ./Drivers/STM32F4xx_HAL_Driver/Src/stm32f4xx_hal_rcc.o
LOAD ./Drivers/STM32F4xx_HAL_Driver/Src/stm32f4xx_hal_rcc_ex.o
LOAD ./Drivers/STM32F4xx_HAL_Driver/Src/stm32f4xx_hal_tim.o
LOAD ./Drivers/STM32F4xx_HAL_Driver/Src/stm32f4xx_hal_tim_ex.o
LOAD ./Drivers/STM32F4xx_HAL_Driver/Src/stm32f4xx_hal_uart.o
LOAD ./User/Src/7SEG.o
LOAD ./User/Src/button.o
LOAD ./User/Src/led.o
LOAD ./User/Src/uart.o
START GROUP
LOAD C:/ST/STM32CubeIDE_1.16.1/STM32CubeIDE/plugins/com.st.stm32cube.ide.mcu.externaltools.gnu-tools-for-stm32.12.3.rel1.win32_1.0.200.202406191623/tools/bin/../lib/gcc/arm-none-eabi/12.3.1/../../../../arm-none-eabi/lib/thumb/v7e-m+fp/hard\libc_nano.a
LOAD C:/ST/STM32CubeIDE_1.16.1/STM32CubeIDE/plugins/com.st.stm32cube.ide.mcu.externaltools.gnu-tools-for-stm32.12.3.rel1.win32_1.0.200.202406191623/tools/bin/../lib/gcc/arm-none-eabi/12.3.1/../../../../arm-none-eabi/lib/thumb/v7e-m+fp/hard\libm.a
END GROUP
START GROUP
LOAD C:/ST/STM32CubeIDE_1.16.1/STM32CubeIDE/plugins/com.st.stm32cube.ide.mcu.externaltools.gnu-tools-for-stm32.12.3.rel1.win32_1.0.200.202406191623/tools/bin/../lib/gcc/arm-none-eabi/12.3.1/thumb/v7e-m+fp/hard\libgcc.a
LOAD C:/ST/STM32CubeIDE_1.16.1/STM32CubeIDE/plugins/com.st.stm32cube.ide.mcu.externaltools.gnu-tools-for-stm32.12.3.rel1.win32_1.0.200.202406191623/tools/bin/../lib/gcc/arm-none-eabi/12.3.1/../../../../arm-none-eabi/lib/thumb/v7e-m+fp/hard\libc_nano.a
END GROUP
START GROUP
LOAD C:/ST/STM32CubeIDE_1.16.1/STM32CubeIDE/plugins/com.st.stm32cube.ide.mcu.externaltools.gnu-tools-for-stm32.12.3.rel1.win32_1.0.200.202406191623/tools/bin/../lib/gcc/arm-none-eabi/12.3.1/thumb/v7e-m+fp/hard\libgcc.a
LOAD C:/ST/STM32CubeIDE_1.16.1/STM32CubeIDE/plugins/com.st.stm32cube.ide.mcu.externaltools.gnu-tools-for-stm32.12.3.rel1.win32_1.0.200.202406191623/tools/bin/../lib/gcc/arm-none-eabi/12.3.1/../../../../arm-none-eabi/lib/thumb/v7e-m+fp/hard\libc_nano.a
LOAD C:/ST/STM32CubeIDE_1.16.1/STM32CubeIDE/plugins/com.st.stm32cube.ide.mcu.externaltools.gnu-tools-for-stm32.12.3.rel1.win32_1.0.200.202406191623/tools/bin/../lib/gcc/arm-none-eabi/12.3.1/../../../../arm-none-eabi/lib/thumb/v7e-m+fp/hard\libnosys.a
END GROUP
START GROUP
LOAD C:/ST/STM32CubeIDE_1.16.1/STM32CubeIDE/plugins/com.st.stm32cube.ide.mcu.externaltools.gnu-tools-for-stm32.12.3.rel1.win32_1.0.200.202406191623/tools/bin/../lib/gcc/arm-none-eabi/12.3.1/thumb/v7e-m+fp/hard\libgcc.a
LOAD C:/ST/STM32CubeIDE_1.16.1/STM32CubeIDE/plugins/com.st.stm32cube.ide.mcu.externaltools.gnu-tools-for-stm32.12.3.rel1.win32_1.0.200.202406191623/tools/bin/../lib/gcc/arm-none-eabi/12.3.1/../../../../arm-none-eabi/lib/thumb/v7e-m+fp/hard\libc_nano.a
LOAD C:/ST/STM32CubeIDE_1.16.1/STM32CubeIDE/plugins/com.st.stm32cube.ide.mcu.externaltools.gnu-tools-for-stm32.12.3.rel1.win32_1.0.200.202406191623/tools/bin/../lib/gcc/arm-none-eabi/12.3.1/../../../../arm-none-eabi/lib/thumb/v7e-m+fp/hard\libnosys.a
END GROUP
LOAD C:/ST/STM32CubeIDE_1.16.1/STM32CubeIDE/plugins/com.st.stm32cube.ide.mcu.externaltools.gnu-tools-for-stm32.12.3.rel1.win32_1.0.200.202406191623/tools/bin/../lib/gcc/arm-none-eabi/12.3.1/thumb/v7e-m+fp/hard/crtend.o
LOAD C:/ST/STM32CubeIDE_1.16.1/STM32CubeIDE/plugins/com.st.stm32cube.ide.mcu.externaltools.gnu-tools-for-stm32.12.3.rel1.win32_1.0.200.202406191623/tools/bin/../lib/gcc/arm-none-eabi/12.3.1/thumb/v7e-m+fp/hard/crtn.o
                0x20020000                        _estack = (ORIGIN (RAM) + LENGTH (RAM))
                0x00000200                        _Min_Heap_Size = 0x200
                0x00000400                        _Min_Stack_Size = 0x400

.isr_vector     0x08000000      0x188
                0x08000000                        . = ALIGN (0x4)
 *(.isr_vector)
 .isr_vector    0x08000000      0x188 ./Core/Startup/startup_stm32f407vetx.o
                0x08000000                g_pfnVectors
                0x08000188                        . = ALIGN (0x4)

.text           0x08000188     0x3a08
                0x08000188                        . = ALIGN (0x4)
 *(.text)
 .text          0x08000188       0x40 C:/ST/STM32CubeIDE_1.16.1/STM32CubeIDE/plugins/com.st.stm32cube.ide.mcu.externaltools.gnu-tools-for-stm32.12.3.rel1.win32_1.0.200.202406191623/tools/bin/../lib/gcc/arm-none-eabi/12.3.1/thumb/v7e-m+fp/hard/crtbegin.o
 .text          0x080001c8       0x30 C:/ST/STM32CubeIDE_1.16.1/STM32CubeIDE/plugins/com.st.stm32cube.ide.mcu.externaltools.gnu-tools-for-stm32.12.3.rel1.win32_1.0.200.202406191623/tools/bin/../lib/gcc/arm-none-eabi/12.3.1/thumb/v7e-m+fp/hard\libgcc.a(_aeabi_uldivmod.o)
                0x080001c8                __aeabi_uldivmod
 .text          0x080001f8      0x2bc C:/ST/STM32CubeIDE_1.16.1/STM32CubeIDE/plugins/com.st.stm32cube.ide.mcu.externaltools.gnu-tools-for-stm32.12.3.rel1.win32_1.0.200.202406191623/tools/bin/../lib/gcc/arm-none-eabi/12.3.1/thumb/v7e-m+fp/hard\libgcc.a(_udivmoddi4.o)
                0x080001f8                __udivmoddi4
 .text          0x080004b4        0x4 C:/ST/STM32CubeIDE_1.16.1/STM32CubeIDE/plugins/com.st.stm32cube.ide.mcu.externaltools.gnu-tools-for-stm32.12.3.rel1.win32_1.0.200.202406191623/tools/bin/../lib/gcc/arm-none-eabi/12.3.1/thumb/v7e-m+fp/hard\libgcc.a(_dvmd_tls.o)
                0x080004b4                __aeabi_idiv0
                0x080004b4                __aeabi_ldiv0
 *(.text*)
 .text.main     0x080004b8       0x30 ./Core/Src/main.o
                0x080004b8                main
 .text.SystemClock_Config
                0x080004e8       0xd4 ./Core/Src/main.o
                0x080004e8                SystemClock_Config
 .text.MX_NVIC_Init
                0x080005bc       0x28 ./Core/Src/main.o
 .text.MX_TIM6_Init
                0x080005e4       0x6c ./Core/Src/main.o
 .text.MX_USART3_UART_Init
                0x08000650       0x54 ./Core/Src/main.o
 .text.MX_GPIO_Init
                0x080006a4      0x19c ./Core/Src/main.o
 .text.HAL_UART_RxCpltCallback
                0x08000840       0x2c ./Core/Src/main.o
                0x08000840                HAL_UART_RxCpltCallback
 .text.HAL_TIM_PeriodElapsedCallback
                0x0800086c       0x7c ./Core/Src/main.o
                0x0800086c                HAL_TIM_PeriodElapsedCallback
 .text.Error_Handler
                0x080008e8        0xc ./Core/Src/main.o
                0x080008e8                Error_Handler
 .text.HAL_MspInit
                0x080008f4       0x50 ./Core/Src/stm32f4xx_hal_msp.o
                0x080008f4                HAL_MspInit
 .text.HAL_TIM_Base_MspInit
                0x08000944       0x44 ./Core/Src/stm32f4xx_hal_msp.o
                0x08000944                HAL_TIM_Base_MspInit
 .text.HAL_UART_MspInit
                0x08000988       0x90 ./Core/Src/stm32f4xx_hal_msp.o
                0x08000988                HAL_UART_MspInit
 .text.NMI_Handler
                0x08000a18        0x8 ./Core/Src/stm32f4xx_it.o
                0x08000a18                NMI_Handler
 .text.HardFault_Handler
                0x08000a20        0x8 ./Core/Src/stm32f4xx_it.o
                0x08000a20                HardFault_Handler
 .text.MemManage_Handler
                0x08000a28        0x8 ./Core/Src/stm32f4xx_it.o
                0x08000a28                MemManage_Handler
 .text.BusFault_Handler
                0x08000a30        0x8 ./Core/Src/stm32f4xx_it.o
                0x08000a30                BusFault_Handler
 .text.UsageFault_Handler
                0x08000a38        0x8 ./Core/Src/stm32f4xx_it.o
                0x08000a38                UsageFault_Handler
 .text.SVC_Handler
                0x08000a40        0xe ./Core/Src/stm32f4xx_it.o
                0x08000a40                SVC_Handler
 .text.DebugMon_Handler
                0x08000a4e        0xe ./Core/Src/stm32f4xx_it.o
                0x08000a4e                DebugMon_Handler
 .text.PendSV_Handler
                0x08000a5c        0xe ./Core/Src/stm32f4xx_it.o
                0x08000a5c                PendSV_Handler
 .text.SysTick_Handler
                0x08000a6a        0xc ./Core/Src/stm32f4xx_it.o
                0x08000a6a                SysTick_Handler
 *fill*         0x08000a76        0x2 
 .text.USART3_IRQHandler
                0x08000a78       0x14 ./Core/Src/stm32f4xx_it.o
                0x08000a78                USART3_IRQHandler
 .text.TIM6_DAC_IRQHandler
                0x08000a8c       0x14 ./Core/Src/stm32f4xx_it.o
                0x08000a8c                TIM6_DAC_IRQHandler
 .text.SystemInit
                0x08000aa0       0x24 ./Core/Src/system_stm32f4xx.o
                0x08000aa0                SystemInit
 .text.Reset_Handler
                0x08000ac4       0x50 ./Core/Startup/startup_stm32f407vetx.o
                0x08000ac4                Reset_Handler
 .text.Default_Handler
                0x08000b14        0x2 ./Core/Startup/startup_stm32f407vetx.o
                0x08000b14                RTC_Alarm_IRQHandler
                0x08000b14                HASH_RNG_IRQHandler
                0x08000b14                EXTI2_IRQHandler
                0x08000b14                TIM8_CC_IRQHandler
                0x08000b14                TIM1_CC_IRQHandler
                0x08000b14                DMA2_Stream5_IRQHandler
                0x08000b14                DMA1_Stream5_IRQHandler
                0x08000b14                PVD_IRQHandler
                0x08000b14                SDIO_IRQHandler
                0x08000b14                TAMP_STAMP_IRQHandler
                0x08000b14                CAN2_RX1_IRQHandler
                0x08000b14                EXTI3_IRQHandler
                0x08000b14                TIM8_TRG_COM_TIM14_IRQHandler
                0x08000b14                TIM1_UP_TIM10_IRQHandler
                0x08000b14                TIM8_UP_TIM13_IRQHandler
                0x08000b14                I2C3_ER_IRQHandler
                0x08000b14                EXTI0_IRQHandler
                0x08000b14                I2C2_EV_IRQHandler
                0x08000b14                DMA1_Stream2_IRQHandler
                0x08000b14                CAN1_RX0_IRQHandler
                0x08000b14                FPU_IRQHandler
                0x08000b14                OTG_HS_WKUP_IRQHandler
                0x08000b14                CAN2_SCE_IRQHandler
                0x08000b14                DMA2_Stream2_IRQHandler
                0x08000b14                SPI1_IRQHandler
                0x08000b14                TIM1_BRK_TIM9_IRQHandler
                0x08000b14                DCMI_IRQHandler
                0x08000b14                CAN2_RX0_IRQHandler
                0x08000b14                DMA2_Stream3_IRQHandler
                0x08000b14                USART6_IRQHandler
                0x08000b14                CAN1_RX1_IRQHandler
                0x08000b14                UART5_IRQHandler
                0x08000b14                DMA2_Stream0_IRQHandler
                0x08000b14                TIM4_IRQHandler
                0x08000b14                I2C1_EV_IRQHandler
                0x08000b14                DMA1_Stream6_IRQHandler
                0x08000b14                DMA1_Stream1_IRQHandler
                0x08000b14                UART4_IRQHandler
                0x08000b14                TIM3_IRQHandler
                0x08000b14                RCC_IRQHandler
                0x08000b14                TIM8_BRK_TIM12_IRQHandler
                0x08000b14                Default_Handler
                0x08000b14                EXTI15_10_IRQHandler
                0x08000b14                ADC_IRQHandler
                0x08000b14                DMA1_Stream7_IRQHandler
                0x08000b14                TIM7_IRQHandler
                0x08000b14                CAN2_TX_IRQHandler
                0x08000b14                TIM5_IRQHandler
                0x08000b14                DMA2_Stream7_IRQHandler
                0x08000b14                I2C3_EV_IRQHandler
                0x08000b14                EXTI9_5_IRQHandler
                0x08000b14                RTC_WKUP_IRQHandler
                0x08000b14                ETH_WKUP_IRQHandler
                0x08000b14                SPI2_IRQHandler
                0x08000b14                OTG_HS_EP1_IN_IRQHandler
                0x08000b14                DMA1_Stream0_IRQHandler
                0x08000b14                CAN1_TX_IRQHandler
                0x08000b14                EXTI4_IRQHandler
                0x08000b14                FSMC_IRQHandler
                0x08000b14                ETH_IRQHandler
                0x08000b14                OTG_HS_EP1_OUT_IRQHandler
                0x08000b14                WWDG_IRQHandler
                0x08000b14                TIM2_IRQHandler
                0x08000b14                OTG_FS_WKUP_IRQHandler
                0x08000b14                TIM1_TRG_COM_TIM11_IRQHandler
                0x08000b14                OTG_HS_IRQHandler
                0x08000b14                EXTI1_IRQHandler
                0x08000b14                USART2_IRQHandler
                0x08000b14                I2C2_ER_IRQHandler
                0x08000b14                DMA2_Stream1_IRQHandler
                0x08000b14                CAN1_SCE_IRQHandler
                0x08000b14                FLASH_IRQHandler
                0x08000b14                DMA2_Stream4_IRQHandler
                0x08000b14                USART1_IRQHandler
                0x08000b14                OTG_FS_IRQHandler
                0x08000b14                SPI3_IRQHandler
                0x08000b14                DMA1_Stream4_IRQHandler
                0x08000b14                I2C1_ER_IRQHandler
                0x08000b14                DMA2_Stream6_IRQHandler
                0x08000b14                DMA1_Stream3_IRQHandler
 *fill*         0x08000b16        0x2 
 .text.HAL_Init
                0x08000b18       0x44 ./Drivers/STM32F4xx_HAL_Driver/Src/stm32f4xx_hal.o
                0x08000b18                HAL_Init
 .text.HAL_InitTick
                0x08000b5c       0x60 ./Drivers/STM32F4xx_HAL_Driver/Src/stm32f4xx_hal.o
                0x08000b5c                HAL_InitTick
 .text.HAL_IncTick
                0x08000bbc       0x28 ./Drivers/STM32F4xx_HAL_Driver/Src/stm32f4xx_hal.o
                0x08000bbc                HAL_IncTick
 .text.HAL_GetTick
                0x08000be4       0x18 ./Drivers/STM32F4xx_HAL_Driver/Src/stm32f4xx_hal.o
                0x08000be4                HAL_GetTick
 .text.__NVIC_SetPriorityGrouping
                0x08000bfc       0x48 ./Drivers/STM32F4xx_HAL_Driver/Src/stm32f4xx_hal_cortex.o
 .text.__NVIC_GetPriorityGrouping
                0x08000c44       0x1c ./Drivers/STM32F4xx_HAL_Driver/Src/stm32f4xx_hal_cortex.o
 .text.__NVIC_EnableIRQ
                0x08000c60       0x3c ./Drivers/STM32F4xx_HAL_Driver/Src/stm32f4xx_hal_cortex.o
 .text.__NVIC_SetPriority
                0x08000c9c       0x54 ./Drivers/STM32F4xx_HAL_Driver/Src/stm32f4xx_hal_cortex.o
 .text.NVIC_EncodePriority
                0x08000cf0       0x66 ./Drivers/STM32F4xx_HAL_Driver/Src/stm32f4xx_hal_cortex.o
 *fill*         0x08000d56        0x2 
 .text.SysTick_Config
                0x08000d58       0x44 ./Drivers/STM32F4xx_HAL_Driver/Src/stm32f4xx_hal_cortex.o
 .text.HAL_NVIC_SetPriorityGrouping
                0x08000d9c       0x16 ./Drivers/STM32F4xx_HAL_Driver/Src/stm32f4xx_hal_cortex.o
                0x08000d9c                HAL_NVIC_SetPriorityGrouping
 .text.HAL_NVIC_SetPriority
                0x08000db2       0x38 ./Drivers/STM32F4xx_HAL_Driver/Src/stm32f4xx_hal_cortex.o
                0x08000db2                HAL_NVIC_SetPriority
 .text.HAL_NVIC_EnableIRQ
                0x08000dea       0x1c ./Drivers/STM32F4xx_HAL_Driver/Src/stm32f4xx_hal_cortex.o
                0x08000dea                HAL_NVIC_EnableIRQ
 .text.HAL_SYSTICK_Config
                0x08000e06       0x18 ./Drivers/STM32F4xx_HAL_Driver/Src/stm32f4xx_hal_cortex.o
                0x08000e06                HAL_SYSTICK_Config
 .text.HAL_DMA_Abort
                0x08000e1e       0xe0 ./Drivers/STM32F4xx_HAL_Driver/Src/stm32f4xx_hal_dma.o
                0x08000e1e                HAL_DMA_Abort
 .text.HAL_DMA_Abort_IT
                0x08000efe       0x44 ./Drivers/STM32F4xx_HAL_Driver/Src/stm32f4xx_hal_dma.o
                0x08000efe                HAL_DMA_Abort_IT
 *fill*         0x08000f42        0x2 
 .text.HAL_GPIO_Init
                0x08000f44      0x338 ./Drivers/STM32F4xx_HAL_Driver/Src/stm32f4xx_hal_gpio.o
                0x08000f44                HAL_GPIO_Init
 .text.HAL_GPIO_WritePin
                0x0800127c       0x32 ./Drivers/STM32F4xx_HAL_Driver/Src/stm32f4xx_hal_gpio.o
                0x0800127c                HAL_GPIO_WritePin
 .text.HAL_GPIO_TogglePin
                0x080012ae       0x34 ./Drivers/STM32F4xx_HAL_Driver/Src/stm32f4xx_hal_gpio.o
                0x080012ae                HAL_GPIO_TogglePin
 *fill*         0x080012e2        0x2 
 .text.HAL_RCC_OscConfig
                0x080012e4      0x4f0 ./Drivers/STM32F4xx_HAL_Driver/Src/stm32f4xx_hal_rcc.o
                0x080012e4                HAL_RCC_OscConfig
 .text.HAL_RCC_ClockConfig
                0x080017d4      0x1cc ./Drivers/STM32F4xx_HAL_Driver/Src/stm32f4xx_hal_rcc.o
                0x080017d4                HAL_RCC_ClockConfig
 .text.HAL_RCC_GetSysClockFreq
                0x080019a0      0x20c ./Drivers/STM32F4xx_HAL_Driver/Src/stm32f4xx_hal_rcc.o
                0x080019a0                HAL_RCC_GetSysClockFreq
 .text.HAL_RCC_GetHCLKFreq
                0x08001bac       0x18 ./Drivers/STM32F4xx_HAL_Driver/Src/stm32f4xx_hal_rcc.o
                0x08001bac                HAL_RCC_GetHCLKFreq
 .text.HAL_RCC_GetPCLK1Freq
                0x08001bc4       0x28 ./Drivers/STM32F4xx_HAL_Driver/Src/stm32f4xx_hal_rcc.o
                0x08001bc4                HAL_RCC_GetPCLK1Freq
 .text.HAL_RCC_GetPCLK2Freq
                0x08001bec       0x28 ./Drivers/STM32F4xx_HAL_Driver/Src/stm32f4xx_hal_rcc.o
                0x08001bec                HAL_RCC_GetPCLK2Freq
 .text.HAL_TIM_Base_Init
                0x08001c14       0x9e ./Drivers/STM32F4xx_HAL_Driver/Src/stm32f4xx_hal_tim.o
                0x08001c14                HAL_TIM_Base_Init
 *fill*         0x08001cb2        0x2 
 .text.HAL_TIM_Base_Start_IT
                0x08001cb4       0xe0 ./Drivers/STM32F4xx_HAL_Driver/Src/stm32f4xx_hal_tim.o
                0x08001cb4                HAL_TIM_Base_Start_IT
 .text.HAL_TIM_IRQHandler
                0x08001d94      0x1e0 ./Drivers/STM32F4xx_HAL_Driver/Src/stm32f4xx_hal_tim.o
                0x08001d94                HAL_TIM_IRQHandler
 .text.HAL_TIM_OC_DelayElapsedCallback
                0x08001f74       0x14 ./Drivers/STM32F4xx_HAL_Driver/Src/stm32f4xx_hal_tim.o
                0x08001f74                HAL_TIM_OC_DelayElapsedCallback
 .text.HAL_TIM_IC_CaptureCallback
                0x08001f88       0x14 ./Drivers/STM32F4xx_HAL_Driver/Src/stm32f4xx_hal_tim.o
                0x08001f88                HAL_TIM_IC_CaptureCallback
 .text.HAL_TIM_PWM_PulseFinishedCallback
                0x08001f9c       0x14 ./Drivers/STM32F4xx_HAL_Driver/Src/stm32f4xx_hal_tim.o
                0x08001f9c                HAL_TIM_PWM_PulseFinishedCallback
 .text.HAL_TIM_TriggerCallback
                0x08001fb0       0x14 ./Drivers/STM32F4xx_HAL_Driver/Src/stm32f4xx_hal_tim.o
                0x08001fb0                HAL_TIM_TriggerCallback
 .text.TIM_Base_SetConfig
                0x08001fc4      0x158 ./Drivers/STM32F4xx_HAL_Driver/Src/stm32f4xx_hal_tim.o
                0x08001fc4                TIM_Base_SetConfig
 .text.HAL_TIMEx_MasterConfigSynchronization
                0x0800211c       0xf8 ./Drivers/STM32F4xx_HAL_Driver/Src/stm32f4xx_hal_tim_ex.o
                0x0800211c                HAL_TIMEx_MasterConfigSynchronization
 .text.HAL_TIMEx_CommutCallback
                0x08002214       0x14 ./Drivers/STM32F4xx_HAL_Driver/Src/stm32f4xx_hal_tim_ex.o
                0x08002214                HAL_TIMEx_CommutCallback
 .text.HAL_TIMEx_BreakCallback
                0x08002228       0x14 ./Drivers/STM32F4xx_HAL_Driver/Src/stm32f4xx_hal_tim_ex.o
                0x08002228                HAL_TIMEx_BreakCallback
 .text.HAL_UART_Init
                0x0800223c       0xa0 ./Drivers/STM32F4xx_HAL_Driver/Src/stm32f4xx_hal_uart.o
                0x0800223c                HAL_UART_Init
 .text.HAL_UART_Receive_IT
                0x080022dc       0x4a ./Drivers/STM32F4xx_HAL_Driver/Src/stm32f4xx_hal_uart.o
                0x080022dc                HAL_UART_Receive_IT
 *fill*         0x08002326        0x2 
 .text.HAL_UART_IRQHandler
                0x08002328      0x524 ./Drivers/STM32F4xx_HAL_Driver/Src/stm32f4xx_hal_uart.o
                0x08002328                HAL_UART_IRQHandler
 .text.HAL_UART_TxCpltCallback
                0x0800284c       0x14 ./Drivers/STM32F4xx_HAL_Driver/Src/stm32f4xx_hal_uart.o
                0x0800284c                HAL_UART_TxCpltCallback
 .text.HAL_UART_ErrorCallback
                0x08002860       0x14 ./Drivers/STM32F4xx_HAL_Driver/Src/stm32f4xx_hal_uart.o
                0x08002860                HAL_UART_ErrorCallback
 .text.HAL_UARTEx_RxEventCallback
                0x08002874       0x18 ./Drivers/STM32F4xx_HAL_Driver/Src/stm32f4xx_hal_uart.o
                0x08002874                HAL_UARTEx_RxEventCallback
 .text.UART_Start_Receive_IT
                0x0800288c       0x74 ./Drivers/STM32F4xx_HAL_Driver/Src/stm32f4xx_hal_uart.o
                0x0800288c                UART_Start_Receive_IT
 .text.UART_EndRxTransfer
                0x08002900       0xc6 ./Drivers/STM32F4xx_HAL_Driver/Src/stm32f4xx_hal_uart.o
 .text.UART_DMAAbortOnError
                0x080029c6       0x28 ./Drivers/STM32F4xx_HAL_Driver/Src/stm32f4xx_hal_uart.o
 .text.UART_Transmit_IT
                0x080029ee       0xa0 ./Drivers/STM32F4xx_HAL_Driver/Src/stm32f4xx_hal_uart.o
 .text.UART_EndTransmit_IT
                0x08002a8e       0x30 ./Drivers/STM32F4xx_HAL_Driver/Src/stm32f4xx_hal_uart.o
 .text.UART_Receive_IT
                0x08002abe      0x17c ./Drivers/STM32F4xx_HAL_Driver/Src/stm32f4xx_hal_uart.o
 *fill*         0x08002c3a        0x2 
 .text.UART_SetConfig
                0x08002c3c      0x4e8 ./Drivers/STM32F4xx_HAL_Driver/Src/stm32f4xx_hal_uart.o
 .text._7SEG_GPIO_Init
                0x08003124      0x1cc ./User/Src/7SEG.o
                0x08003124                _7SEG_GPIO_Init
 .text._7SEG_SetNumber
                0x080032f0      0x7c4 ./User/Src/7SEG.o
                0x080032f0                _7SEG_SetNumber
 .text.receive  0x08003ab4       0x22 ./User/Src/uart.o
 .text.get_data
                0x08003ad6       0x1a ./User/Src/uart.o
 .text.reset_data
                0x08003af0       0x1c ./User/Src/uart.o
 .text.get_uart
                0x08003b0c       0x14 ./User/Src/uart.o
                0x08003b0c                get_uart
 .text.memset   0x08003b20       0x10 C:/ST/STM32CubeIDE_1.16.1/STM32CubeIDE/plugins/com.st.stm32cube.ide.mcu.externaltools.gnu-tools-for-stm32.12.3.rel1.win32_1.0.200.202406191623/tools/bin/../lib/gcc/arm-none-eabi/12.3.1/../../../../arm-none-eabi/lib/thumb/v7e-m+fp/hard\libc_nano.a(libc_a-memset.o)
                0x08003b20                memset
 .text.__libc_init_array
                0x08003b30       0x48 C:/ST/STM32CubeIDE_1.16.1/STM32CubeIDE/plugins/com.st.stm32cube.ide.mcu.externaltools.gnu-tools-for-stm32.12.3.rel1.win32_1.0.200.202406191623/tools/bin/../lib/gcc/arm-none-eabi/12.3.1/../../../../arm-none-eabi/lib/thumb/v7e-m+fp/hard\libc_nano.a(libc_a-init.o)
                0x08003b30                __libc_init_array
 *(.glue_7)
 .glue_7        0x08003b78        0x0 linker stubs
 *(.glue_7t)
 .glue_7t       0x08003b78        0x0 linker stubs
 *(.eh_frame)
 .eh_frame      0x08003b78        0x0 C:/ST/STM32CubeIDE_1.16.1/STM32CubeIDE/plugins/com.st.stm32cube.ide.mcu.externaltools.gnu-tools-for-stm32.12.3.rel1.win32_1.0.200.202406191623/tools/bin/../lib/gcc/arm-none-eabi/12.3.1/thumb/v7e-m+fp/hard/crtbegin.o
 *(.init)
 .init          0x08003b78        0x4 C:/ST/STM32CubeIDE_1.16.1/STM32CubeIDE/plugins/com.st.stm32cube.ide.mcu.externaltools.gnu-tools-for-stm32.12.3.rel1.win32_1.0.200.202406191623/tools/bin/../lib/gcc/arm-none-eabi/12.3.1/thumb/v7e-m+fp/hard/crti.o
                0x08003b78                _init
 .init          0x08003b7c        0x8 C:/ST/STM32CubeIDE_1.16.1/STM32CubeIDE/plugins/com.st.stm32cube.ide.mcu.externaltools.gnu-tools-for-stm32.12.3.rel1.win32_1.0.200.202406191623/tools/bin/../lib/gcc/arm-none-eabi/12.3.1/thumb/v7e-m+fp/hard/crtn.o
 *(.fini)
 .fini          0x08003b84        0x4 C:/ST/STM32CubeIDE_1.16.1/STM32CubeIDE/plugins/com.st.stm32cube.ide.mcu.externaltools.gnu-tools-for-stm32.12.3.rel1.win32_1.0.200.202406191623/tools/bin/../lib/gcc/arm-none-eabi/12.3.1/thumb/v7e-m+fp/hard/crti.o
                0x08003b84                _fini
 .fini          0x08003b88        0x8 C:/ST/STM32CubeIDE_1.16.1/STM32CubeIDE/plugins/com.st.stm32cube.ide.mcu.externaltools.gnu-tools-for-stm32.12.3.rel1.win32_1.0.200.202406191623/tools/bin/../lib/gcc/arm-none-eabi/12.3.1/thumb/v7e-m+fp/hard/crtn.o
                0x08003b90                        . = ALIGN (0x4)
                0x08003b90                        _etext = .

.vfp11_veneer   0x08003b90        0x0
 .vfp11_veneer  0x08003b90        0x0 linker stubs

.v4_bx          0x08003b90        0x0
 .v4_bx         0x08003b90        0x0 linker stubs

.iplt           0x08003b90        0x0
 .iplt          0x08003b90        0x0 C:/ST/STM32CubeIDE_1.16.1/STM32CubeIDE/plugins/com.st.stm32cube.ide.mcu.externaltools.gnu-tools-for-stm32.12.3.rel1.win32_1.0.200.202406191623/tools/bin/../lib/gcc/arm-none-eabi/12.3.1/thumb/v7e-m+fp/hard/crtbegin.o

.rodata         0x08003b90       0x18
                0x08003b90                        . = ALIGN (0x4)
 *(.rodata)
 *(.rodata*)
 .rodata.AHBPrescTable
                0x08003b90       0x10 ./Core/Src/system_stm32f4xx.o
                0x08003b90                AHBPrescTable
 .rodata.APBPrescTable
                0x08003ba0        0x8 ./Core/Src/system_stm32f4xx.o
                0x08003ba0                APBPrescTable
                0x08003ba8                        . = ALIGN (0x4)

.ARM.extab      0x08003ba8        0x0
                0x08003ba8                        . = ALIGN (0x4)
 *(.ARM.extab* .gnu.linkonce.armextab.*)
                0x08003ba8                        . = ALIGN (0x4)

.ARM            0x08003ba8        0x8
                0x08003ba8                        . = ALIGN (0x4)
                0x08003ba8                        __exidx_start = .
 *(.ARM.exidx*)
 .ARM.exidx     0x08003ba8        0x8 C:/ST/STM32CubeIDE_1.16.1/STM32CubeIDE/plugins/com.st.stm32cube.ide.mcu.externaltools.gnu-tools-for-stm32.12.3.rel1.win32_1.0.200.202406191623/tools/bin/../lib/gcc/arm-none-eabi/12.3.1/thumb/v7e-m+fp/hard\libgcc.a(_udivmoddi4.o)
                0x08003bb0                        __exidx_end = .
                0x08003bb0                        . = ALIGN (0x4)

.preinit_array  0x08003bb0        0x0
                0x08003bb0                        . = ALIGN (0x4)
                0x08003bb0                        PROVIDE (__preinit_array_start = .)
 *(.preinit_array*)
                0x08003bb0                        PROVIDE (__preinit_array_end = .)
                0x08003bb0                        . = ALIGN (0x4)

.init_array     0x08003bb0        0x4
                0x08003bb0                        . = ALIGN (0x4)
                0x08003bb0                        PROVIDE (__init_array_start = .)
 *(SORT_BY_NAME(.init_array.*))
 *(.init_array*)
 .init_array    0x08003bb0        0x4 C:/ST/STM32CubeIDE_1.16.1/STM32CubeIDE/plugins/com.st.stm32cube.ide.mcu.externaltools.gnu-tools-for-stm32.12.3.rel1.win32_1.0.200.202406191623/tools/bin/../lib/gcc/arm-none-eabi/12.3.1/thumb/v7e-m+fp/hard/crtbegin.o
                0x08003bb4                        PROVIDE (__init_array_end = .)
                0x08003bb4                        . = ALIGN (0x4)

.fini_array     0x08003bb4        0x4
                0x08003bb4                        . = ALIGN (0x4)
                [!provide]                        PROVIDE (__fini_array_start = .)
 *(SORT_BY_NAME(.fini_array.*))
 *(.fini_array*)
 .fini_array    0x08003bb4        0x4 C:/ST/STM32CubeIDE_1.16.1/STM32CubeIDE/plugins/com.st.stm32cube.ide.mcu.externaltools.gnu-tools-for-stm32.12.3.rel1.win32_1.0.200.202406191623/tools/bin/../lib/gcc/arm-none-eabi/12.3.1/thumb/v7e-m+fp/hard/crtbegin.o
                [!provide]                        PROVIDE (__fini_array_end = .)
                0x08003bb8                        . = ALIGN (0x4)
                0x08003bb8                        _sidata = LOADADDR (.data)

.rel.dyn        0x08003bb8        0x0
 .rel.iplt      0x08003bb8        0x0 C:/ST/STM32CubeIDE_1.16.1/STM32CubeIDE/plugins/com.st.stm32cube.ide.mcu.externaltools.gnu-tools-for-stm32.12.3.rel1.win32_1.0.200.202406191623/tools/bin/../lib/gcc/arm-none-eabi/12.3.1/thumb/v7e-m+fp/hard/crtbegin.o

.data           0x20000000       0x28 load address 0x08003bb8
                0x20000000                        . = ALIGN (0x4)
                0x20000000                        _sdata = .
 *(.data)
 *(.data*)
 .data.SystemCoreClock
                0x20000000        0x4 ./Core/Src/system_stm32f4xx.o
                0x20000000                SystemCoreClock
 .data.uwTickPrio
                0x20000004        0x4 ./Drivers/STM32F4xx_HAL_Driver/Src/stm32f4xx_hal.o
                0x20000004                uwTickPrio
 .data.uwTickFreq
                0x20000008        0x1 ./Drivers/STM32F4xx_HAL_Driver/Src/stm32f4xx_hal.o
                0x20000008                uwTickFreq
 *fill*         0x20000009        0x3 
 .data.uart     0x2000000c       0x1c ./User/Src/uart.o
 *(.RamFunc)
 *(.RamFunc*)
                0x20000028                        . = ALIGN (0x4)
                0x20000028                        _edata = .
                0x08003be0                        _siccmram = LOADADDR (.ccmram)

.igot.plt       0x20000028        0x0 load address 0x08003be0
 .igot.plt      0x20000028        0x0 C:/ST/STM32CubeIDE_1.16.1/STM32CubeIDE/plugins/com.st.stm32cube.ide.mcu.externaltools.gnu-tools-for-stm32.12.3.rel1.win32_1.0.200.202406191623/tools/bin/../lib/gcc/arm-none-eabi/12.3.1/thumb/v7e-m+fp/hard/crtbegin.o

.ccmram         0x10000000        0x0 load address 0x08003be0
                0x10000000                        . = ALIGN (0x4)
                0x10000000                        _sccmram = .
 *(.ccmram)
 *(.ccmram*)
                0x10000000                        . = ALIGN (0x4)
                0x10000000                        _eccmram = .
                0x10000000                        . = ALIGN (0x4)

.bss            0x20000028       0xb8
                0x20000028                        _sbss = .
                0x20000028                        __bss_start__ = _sbss
 *(.bss)
 .bss           0x20000028       0x1c C:/ST/STM32CubeIDE_1.16.1/STM32CubeIDE/plugins/com.st.stm32cube.ide.mcu.externaltools.gnu-tools-for-stm32.12.3.rel1.win32_1.0.200.202406191623/tools/bin/../lib/gcc/arm-none-eabi/12.3.1/thumb/v7e-m+fp/hard/crtbegin.o
 *(.bss*)
 .bss.htim6     0x20000044       0x48 ./Core/Src/main.o
                0x20000044                htim6
 .bss.huart3    0x2000008c       0x48 ./Core/Src/main.o
                0x2000008c                huart3
 .bss.count.0   0x200000d4        0x1 ./Core/Src/main.o
 *fill*         0x200000d5        0x3 
 .bss.uwTick    0x200000d8        0x4 ./Drivers/STM32F4xx_HAL_Driver/Src/stm32f4xx_hal.o
                0x200000d8                uwTick
 .bss.data      0x200000dc        0x1 ./User/Src/uart.o
 *(COMMON)
                0x200000e0                        . = ALIGN (0x4)
 *fill*         0x200000dd        0x3 
                0x200000e0                        _ebss = .
                0x200000e0                        __bss_end__ = _ebss

._user_heap_stack
                0x200000e0      0x600
                0x200000e0                        . = ALIGN (0x8)
                [!provide]                        PROVIDE (end = .)
                0x200000e0                        PROVIDE (_end = .)
                0x200002e0                        . = (. + _Min_Heap_Size)
 *fill*         0x200000e0      0x200 
                0x200006e0                        . = (. + _Min_Stack_Size)
 *fill*         0x200002e0      0x400 
                0x200006e0                        . = ALIGN (0x8)

/DISCARD/
 libc.a(*)
 libm.a(*)
 libgcc.a(*)

.ARM.attributes
                0x00000000       0x30
 *(.ARM.attributes)
 .ARM.attributes
                0x00000000       0x22 C:/ST/STM32CubeIDE_1.16.1/STM32CubeIDE/plugins/com.st.stm32cube.ide.mcu.externaltools.gnu-tools-for-stm32.12.3.rel1.win32_1.0.200.202406191623/tools/bin/../lib/gcc/arm-none-eabi/12.3.1/thumb/v7e-m+fp/hard/crti.o
 .ARM.attributes
                0x00000022       0x34 C:/ST/STM32CubeIDE_1.16.1/STM32CubeIDE/plugins/com.st.stm32cube.ide.mcu.externaltools.gnu-tools-for-stm32.12.3.rel1.win32_1.0.200.202406191623/tools/bin/../lib/gcc/arm-none-eabi/12.3.1/thumb/v7e-m+fp/hard/crtbegin.o
 .ARM.attributes
                0x00000056       0x34 ./Core/Src/main.o
 .ARM.attributes
                0x0000008a       0x34 ./Core/Src/stm32f4xx_hal_msp.o
 .ARM.attributes
                0x000000be       0x34 ./Core/Src/stm32f4xx_it.o
 .ARM.attributes
                0x000000f2       0x34 ./Core/Src/system_stm32f4xx.o
 .ARM.attributes
                0x00000126       0x21 ./Core/Startup/startup_stm32f407vetx.o
 .ARM.attributes
                0x00000147       0x34 ./Drivers/STM32F4xx_HAL_Driver/Src/stm32f4xx_hal.o
 .ARM.attributes
                0x0000017b       0x34 ./Drivers/STM32F4xx_HAL_Driver/Src/stm32f4xx_hal_cortex.o
 .ARM.attributes
                0x000001af       0x34 ./Drivers/STM32F4xx_HAL_Driver/Src/stm32f4xx_hal_dma.o
 .ARM.attributes
                0x000001e3       0x34 ./Drivers/STM32F4xx_HAL_Driver/Src/stm32f4xx_hal_gpio.o
 .ARM.attributes
                0x00000217       0x34 ./Drivers/STM32F4xx_HAL_Driver/Src/stm32f4xx_hal_rcc.o
 .ARM.attributes
                0x0000024b       0x34 ./Drivers/STM32F4xx_HAL_Driver/Src/stm32f4xx_hal_tim.o
 .ARM.attributes
                0x0000027f       0x34 ./Drivers/STM32F4xx_HAL_Driver/Src/stm32f4xx_hal_tim_ex.o
 .ARM.attributes
                0x000002b3       0x34 ./Drivers/STM32F4xx_HAL_Driver/Src/stm32f4xx_hal_uart.o
 .ARM.attributes
                0x000002e7       0x34 ./User/Src/7SEG.o
 .ARM.attributes
                0x0000031b       0x34 ./User/Src/uart.o
 .ARM.attributes
                0x0000034f       0x34 C:/ST/STM32CubeIDE_1.16.1/STM32CubeIDE/plugins/com.st.stm32cube.ide.mcu.externaltools.gnu-tools-for-stm32.12.3.rel1.win32_1.0.200.202406191623/tools/bin/../lib/gcc/arm-none-eabi/12.3.1/../../../../arm-none-eabi/lib/thumb/v7e-m+fp/hard\libc_nano.a(libc_a-memset.o)
 .ARM.attributes
                0x00000383       0x34 C:/ST/STM32CubeIDE_1.16.1/STM32CubeIDE/plugins/com.st.stm32cube.ide.mcu.externaltools.gnu-tools-for-stm32.12.3.rel1.win32_1.0.200.202406191623/tools/bin/../lib/gcc/arm-none-eabi/12.3.1/../../../../arm-none-eabi/lib/thumb/v7e-m+fp/hard\libc_nano.a(libc_a-init.o)
 .ARM.attributes
                0x000003b7       0x22 C:/ST/STM32CubeIDE_1.16.1/STM32CubeIDE/plugins/com.st.stm32cube.ide.mcu.externaltools.gnu-tools-for-stm32.12.3.rel1.win32_1.0.200.202406191623/tools/bin/../lib/gcc/arm-none-eabi/12.3.1/thumb/v7e-m+fp/hard\libgcc.a(_aeabi_uldivmod.o)
 .ARM.attributes
                0x000003d9       0x34 C:/ST/STM32CubeIDE_1.16.1/STM32CubeIDE/plugins/com.st.stm32cube.ide.mcu.externaltools.gnu-tools-for-stm32.12.3.rel1.win32_1.0.200.202406191623/tools/bin/../lib/gcc/arm-none-eabi/12.3.1/thumb/v7e-m+fp/hard\libgcc.a(_udivmoddi4.o)
 .ARM.attributes
                0x0000040d       0x22 C:/ST/STM32CubeIDE_1.16.1/STM32CubeIDE/plugins/com.st.stm32cube.ide.mcu.externaltools.gnu-tools-for-stm32.12.3.rel1.win32_1.0.200.202406191623/tools/bin/../lib/gcc/arm-none-eabi/12.3.1/thumb/v7e-m+fp/hard\libgcc.a(_dvmd_tls.o)
 .ARM.attributes
                0x0000042f       0x22 C:/ST/STM32CubeIDE_1.16.1/STM32CubeIDE/plugins/com.st.stm32cube.ide.mcu.externaltools.gnu-tools-for-stm32.12.3.rel1.win32_1.0.200.202406191623/tools/bin/../lib/gcc/arm-none-eabi/12.3.1/thumb/v7e-m+fp/hard/crtn.o
OUTPUT(Challenge 1-3. Count button press duration.elf elf32-littlearm)
LOAD linker stubs
LOAD C:/ST/STM32CubeIDE_1.16.1/STM32CubeIDE/plugins/com.st.stm32cube.ide.mcu.externaltools.gnu-tools-for-stm32.12.3.rel1.win32_1.0.200.202406191623/tools/bin/../lib/gcc/arm-none-eabi/12.3.1/../../../../arm-none-eabi/lib/thumb/v7e-m+fp/hard\libc.a
LOAD C:/ST/STM32CubeIDE_1.16.1/STM32CubeIDE/plugins/com.st.stm32cube.ide.mcu.externaltools.gnu-tools-for-stm32.12.3.rel1.win32_1.0.200.202406191623/tools/bin/../lib/gcc/arm-none-eabi/12.3.1/../../../../arm-none-eabi/lib/thumb/v7e-m+fp/hard\libm.a
LOAD C:/ST/STM32CubeIDE_1.16.1/STM32CubeIDE/plugins/com.st.stm32cube.ide.mcu.externaltools.gnu-tools-for-stm32.12.3.rel1.win32_1.0.200.202406191623/tools/bin/../lib/gcc/arm-none-eabi/12.3.1/thumb/v7e-m+fp/hard\libgcc.a

.debug_info     0x00000000     0xd9f4
 .debug_info    0x00000000     0x13d4 ./Core/Src/main.o
 .debug_info    0x000013d4      0xefd ./Core/Src/stm32f4xx_hal_msp.o
 .debug_info    0x000022d1      0x98b ./Core/Src/stm32f4xx_it.o
 .debug_info    0x00002c5c      0x512 ./Core/Src/system_stm32f4xx.o
 .debug_info    0x0000316e       0x30 ./Core/Startup/startup_stm32f407vetx.o
 .debug_info    0x0000319e      0x944 ./Drivers/STM32F4xx_HAL_Driver/Src/stm32f4xx_hal.o
 .debug_info    0x00003ae2      0xd8c ./Drivers/STM32F4xx_HAL_Driver/Src/stm32f4xx_hal_cortex.o
 .debug_info    0x0000486e      0x8e7 ./Drivers/STM32F4xx_HAL_Driver/Src/stm32f4xx_hal_dma.o
 .debug_info    0x00005155      0x6c3 ./Drivers/STM32F4xx_HAL_Driver/Src/stm32f4xx_hal_gpio.o
 .debug_info    0x00005818      0x8af ./Drivers/STM32F4xx_HAL_Driver/Src/stm32f4xx_hal_rcc.o
 .debug_info    0x000060c7     0x299d ./Drivers/STM32F4xx_HAL_Driver/Src/stm32f4xx_hal_tim.o
 .debug_info    0x00008a64     0x14db ./Drivers/STM32F4xx_HAL_Driver/Src/stm32f4xx_hal_tim_ex.o
 .debug_info    0x00009f3f     0x2f4f ./Drivers/STM32F4xx_HAL_Driver/Src/stm32f4xx_hal_uart.o
 .debug_info    0x0000ce8e      0x446 ./User/Src/7SEG.o
 .debug_info    0x0000d2d4      0x720 ./User/Src/uart.o

.debug_abbrev   0x00000000     0x1f31
 .debug_abbrev  0x00000000      0x2f6 ./Core/Src/main.o
 .debug_abbrev  0x000002f6      0x1f7 ./Core/Src/stm32f4xx_hal_msp.o
 .debug_abbrev  0x000004ed      0x19c ./Core/Src/stm32f4xx_it.o
 .debug_abbrev  0x00000689      0x11a ./Core/Src/system_stm32f4xx.o
 .debug_abbrev  0x000007a3       0x24 ./Core/Startup/startup_stm32f407vetx.o
 .debug_abbrev  0x000007c7      0x214 ./Drivers/STM32F4xx_HAL_Driver/Src/stm32f4xx_hal.o
 .debug_abbrev  0x000009db      0x31d ./Drivers/STM32F4xx_HAL_Driver/Src/stm32f4xx_hal_cortex.o
 .debug_abbrev  0x00000cf8      0x264 ./Drivers/STM32F4xx_HAL_Driver/Src/stm32f4xx_hal_dma.o
 .debug_abbrev  0x00000f5c      0x1d4 ./Drivers/STM32F4xx_HAL_Driver/Src/stm32f4xx_hal_gpio.o
 .debug_abbrev  0x00001130      0x2b7 ./Drivers/STM32F4xx_HAL_Driver/Src/stm32f4xx_hal_rcc.o
 .debug_abbrev  0x000013e7      0x278 ./Drivers/STM32F4xx_HAL_Driver/Src/stm32f4xx_hal_tim.o
 .debug_abbrev  0x0000165f      0x283 ./Drivers/STM32F4xx_HAL_Driver/Src/stm32f4xx_hal_tim_ex.o
 .debug_abbrev  0x000018e2      0x30e ./Drivers/STM32F4xx_HAL_Driver/Src/stm32f4xx_hal_uart.o
 .debug_abbrev  0x00001bf0      0x17f ./User/Src/7SEG.o
 .debug_abbrev  0x00001d6f      0x1c2 ./User/Src/uart.o

.debug_aranges  0x00000000      0xc90
 .debug_aranges
                0x00000000       0x60 ./Core/Src/main.o
 .debug_aranges
                0x00000060       0x40 ./Core/Src/stm32f4xx_hal_msp.o
 .debug_aranges
                0x000000a0       0x70 ./Core/Src/stm32f4xx_it.o
 .debug_aranges
                0x00000110       0x28 ./Core/Src/system_stm32f4xx.o
 .debug_aranges
                0x00000138       0x28 ./Core/Startup/startup_stm32f407vetx.o
 .debug_aranges
                0x00000160       0xf0 ./Drivers/STM32F4xx_HAL_Driver/Src/stm32f4xx_hal.o
 .debug_aranges
                0x00000250      0x130 ./Drivers/STM32F4xx_HAL_Driver/Src/stm32f4xx_hal_cortex.o
 .debug_aranges
                0x00000380       0x90 ./Drivers/STM32F4xx_HAL_Driver/Src/stm32f4xx_hal_dma.o
 .debug_aranges
                0x00000410       0x58 ./Drivers/STM32F4xx_HAL_Driver/Src/stm32f4xx_hal_gpio.o
 .debug_aranges
                0x00000468       0x88 ./Drivers/STM32F4xx_HAL_Driver/Src/stm32f4xx_hal_rcc.o
 .debug_aranges
                0x000004f0      0x3d0 ./Drivers/STM32F4xx_HAL_Driver/Src/stm32f4xx_hal_tim.o
 .debug_aranges
                0x000008c0      0x168 ./Drivers/STM32F4xx_HAL_Driver/Src/stm32f4xx_hal_tim_ex.o
 .debug_aranges
                0x00000a28      0x208 ./Drivers/STM32F4xx_HAL_Driver/Src/stm32f4xx_hal_uart.o
 .debug_aranges
                0x00000c30       0x28 ./User/Src/7SEG.o
 .debug_aranges
                0x00000c58       0x38 ./User/Src/uart.o

.debug_rnglists
                0x00000000      0x9d2
 .debug_rnglists
                0x00000000       0x45 ./Core/Src/main.o
 .debug_rnglists
                0x00000045       0x2c ./Core/Src/stm32f4xx_hal_msp.o
 .debug_rnglists
                0x00000071       0x4f ./Core/Src/stm32f4xx_it.o
 .debug_rnglists
                0x000000c0       0x1a ./Core/Src/system_stm32f4xx.o
 .debug_rnglists
                0x000000da       0x19 ./Core/Startup/startup_stm32f407vetx.o
 .debug_rnglists
                0x000000f3       0xaf ./Drivers/STM32F4xx_HAL_Driver/Src/stm32f4xx_hal.o
 .debug_rnglists
                0x000001a2       0xe0 ./Drivers/STM32F4xx_HAL_Driver/Src/stm32f4xx_hal_cortex.o
 .debug_rnglists
                0x00000282       0x70 ./Drivers/STM32F4xx_HAL_Driver/Src/stm32f4xx_hal_dma.o
 .debug_rnglists
                0x000002f2       0x3f ./Drivers/STM32F4xx_HAL_Driver/Src/stm32f4xx_hal_gpio.o
 .debug_rnglists
                0x00000331       0x66 ./Drivers/STM32F4xx_HAL_Driver/Src/stm32f4xx_hal_rcc.o
 .debug_rnglists
                0x00000397      0x31a ./Drivers/STM32F4xx_HAL_Driver/Src/stm32f4xx_hal_tim.o
 .debug_rnglists
                0x000006b1      0x125 ./Drivers/STM32F4xx_HAL_Driver/Src/stm32f4xx_hal_tim_ex.o
 .debug_rnglists
                0x000007d6      0x1bc ./Drivers/STM32F4xx_HAL_Driver/Src/stm32f4xx_hal_uart.o
 .debug_rnglists
                0x00000992       0x1b ./User/Src/7SEG.o
 .debug_rnglists
                0x000009ad       0x25 ./User/Src/uart.o

.debug_macro    0x00000000    0x20a08
 .debug_macro   0x00000000      0x227 ./Core/Src/main.o
 .debug_macro   0x00000227      0xab4 ./Core/Src/main.o
 .debug_macro   0x00000cdb      0x29b ./Core/Src/main.o
 .debug_macro   0x00000f76       0x2e ./Core/Src/main.o
 .debug_macro   0x00000fa4       0x2f ./Core/Src/main.o
 .debug_macro   0x00000fd3       0x22 ./Core/Src/main.o
 .debug_macro   0x00000ff5       0x8e ./Core/Src/main.o
 .debug_macro   0x00001083       0x51 ./Core/Src/main.o
 .debug_macro   0x000010d4      0x103 ./Core/Src/main.o
 .debug_macro   0x000011d7       0x6a ./Core/Src/main.o
 .debug_macro   0x00001241      0x1df ./Core/Src/main.o
 .debug_macro   0x00001420       0x1c ./Core/Src/main.o
 .debug_macro   0x0000143c       0x22 ./Core/Src/main.o
 .debug_macro   0x0000145e       0xfb ./Core/Src/main.o
 .debug_macro   0x00001559     0x1011 ./Core/Src/main.o
 .debug_macro   0x0000256a      0x11f ./Core/Src/main.o
 .debug_macro   0x00002689    0x15e97 ./Core/Src/main.o
 .debug_macro   0x00018520       0x6d ./Core/Src/main.o
 .debug_macro   0x0001858d     0x369a ./Core/Src/main.o
 .debug_macro   0x0001bc27      0x189 ./Core/Src/main.o
 .debug_macro   0x0001bdb0       0x5c ./Core/Src/main.o
 .debug_macro   0x0001be0c      0x980 ./Core/Src/main.o
 .debug_macro   0x0001c78c      0x9e9 ./Core/Src/main.o
 .debug_macro   0x0001d175      0x115 ./Core/Src/main.o
 .debug_macro   0x0001d28a      0x13e ./Core/Src/main.o
 .debug_macro   0x0001d3c8       0xa5 ./Core/Src/main.o
 .debug_macro   0x0001d46d      0x174 ./Core/Src/main.o
 .debug_macro   0x0001d5e1      0x287 ./Core/Src/main.o
 .debug_macro   0x0001d868       0x5f ./Core/Src/main.o
 .debug_macro   0x0001d8c7      0x236 ./Core/Src/main.o
 .debug_macro   0x0001dafd      0x12c ./Core/Src/main.o
 .debug_macro   0x0001dc29      0x21e ./Core/Src/main.o
 .debug_macro   0x0001de47       0x2e ./Core/Src/main.o
 .debug_macro   0x0001de75      0x127 ./Core/Src/main.o
 .debug_macro   0x0001df9c       0x7e ./Core/Src/main.o
 .debug_macro   0x0001e01a       0x89 ./Core/Src/main.o
 .debug_macro   0x0001e0a3      0x8ed ./Core/Src/main.o
 .debug_macro   0x0001e990       0x4d ./Core/Src/main.o
 .debug_macro   0x0001e9dd      0x2aa ./Core/Src/main.o
 .debug_macro   0x0001ec87      0x12d ./Core/Src/main.o
 .debug_macro   0x0001edb4       0x7c ./Core/Src/main.o
 .debug_macro   0x0001ee30       0x10 ./Core/Src/main.o
 .debug_macro   0x0001ee40       0x22 ./Core/Src/main.o
 .debug_macro   0x0001ee62       0x10 ./Core/Src/main.o
 .debug_macro   0x0001ee72      0x1a2 ./Core/Src/main.o
 .debug_macro   0x0001f014      0x1dd ./Core/Src/stm32f4xx_hal_msp.o
 .debug_macro   0x0001f1f1      0x1e7 ./Core/Src/stm32f4xx_it.o
 .debug_macro   0x0001f3d8      0x1ce ./Core/Src/system_stm32f4xx.o
 .debug_macro   0x0001f5a6      0x22e ./Drivers/STM32F4xx_HAL_Driver/Src/stm32f4xx_hal.o
 .debug_macro   0x0001f7d4      0x1ce ./Drivers/STM32F4xx_HAL_Driver/Src/stm32f4xx_hal_cortex.o
 .debug_macro   0x0001f9a2      0x1d4 ./Drivers/STM32F4xx_HAL_Driver/Src/stm32f4xx_hal_dma.o
 .debug_macro   0x0001fb76      0x1d4 ./Drivers/STM32F4xx_HAL_Driver/Src/stm32f4xx_hal_gpio.o
 .debug_macro   0x0001fd4a      0x1f2 ./Drivers/STM32F4xx_HAL_Driver/Src/stm32f4xx_hal_rcc.o
 .debug_macro   0x0001ff3c      0x1cf ./Drivers/STM32F4xx_HAL_Driver/Src/stm32f4xx_hal_tim.o
 .debug_macro   0x0002010b      0x1ce ./Drivers/STM32F4xx_HAL_Driver/Src/stm32f4xx_hal_tim_ex.o
 .debug_macro   0x000202d9      0x1cf ./Drivers/STM32F4xx_HAL_Driver/Src/stm32f4xx_hal_uart.o
 .debug_macro   0x000204a8      0x1dd ./User/Src/7SEG.o
 .debug_macro   0x00020685      0x19c ./User/Src/7SEG.o
 .debug_macro   0x00020821      0x1e7 ./User/Src/uart.o

.debug_line     0x00000000     0xef07
 .debug_line    0x00000000      0x957 ./Core/Src/main.o
 .debug_line    0x00000957      0x7d6 ./Core/Src/stm32f4xx_hal_msp.o
 .debug_line    0x0000112d      0x841 ./Core/Src/stm32f4xx_it.o
 .debug_line    0x0000196e      0x7d3 ./Core/Src/system_stm32f4xx.o
 .debug_line    0x00002141       0x7a ./Core/Startup/startup_stm32f407vetx.o
 .debug_line    0x000021bb      0xa3c ./Drivers/STM32F4xx_HAL_Driver/Src/stm32f4xx_hal.o
 .debug_line    0x00002bf7      0xd2e ./Drivers/STM32F4xx_HAL_Driver/Src/stm32f4xx_hal_cortex.o
 .debug_line    0x00003925      0xfac ./Drivers/STM32F4xx_HAL_Driver/Src/stm32f4xx_hal_dma.o
 .debug_line    0x000048d1      0xbc8 ./Drivers/STM32F4xx_HAL_Driver/Src/stm32f4xx_hal_gpio.o
 .debug_line    0x00005499      0xdc7 ./Drivers/STM32F4xx_HAL_Driver/Src/stm32f4xx_hal_rcc.o
 .debug_line    0x00006260     0x37e0 ./Drivers/STM32F4xx_HAL_Driver/Src/stm32f4xx_hal_tim.o
 .debug_line    0x00009a40     0x1a32 ./Drivers/STM32F4xx_HAL_Driver/Src/stm32f4xx_hal_tim_ex.o
 .debug_line    0x0000b472     0x290e ./Drivers/STM32F4xx_HAL_Driver/Src/stm32f4xx_hal_uart.o
 .debug_line    0x0000dd80      0x9e6 ./User/Src/7SEG.o
 .debug_line    0x0000e766      0x7a1 ./User/Src/uart.o

.debug_str      0x00000000    0xc854d
 .debug_str     0x00000000    0xc59cb ./Core/Src/main.o
                              0xc5d3b (size before relaxing)
 .debug_str     0x000c59cb       0xaa ./Core/Src/stm32f4xx_hal_msp.o
                              0xc4dc6 (size before relaxing)
 .debug_str     0x000c5a75      0x116 ./Core/Src/stm32f4xx_it.o
                              0xc47c8 (size before relaxing)
 .debug_str     0x000c5b8b       0xdb ./Core/Src/system_stm32f4xx.o
                              0xc3f3f (size before relaxing)
 .debug_str     0x000c5c66       0x44 ./Core/Startup/startup_stm32f407vetx.o
                                 0x9d (size before relaxing)
 .debug_str     0x000c5caa      0x617 ./Drivers/STM32F4xx_HAL_Driver/Src/stm32f4xx_hal.o
                              0xc4ac3 (size before relaxing)
 .debug_str     0x000c62c1      0x36b ./Drivers/STM32F4xx_HAL_Driver/Src/stm32f4xx_hal_cortex.o
                              0xc483f (size before relaxing)
 .debug_str     0x000c662c      0x31d ./Drivers/STM32F4xx_HAL_Driver/Src/stm32f4xx_hal_dma.o
                              0xc4359 (size before relaxing)
 .debug_str     0x000c6949      0x10e ./Drivers/STM32F4xx_HAL_Driver/Src/stm32f4xx_hal_gpio.o
                              0xc40ba (size before relaxing)
 .debug_str     0x000c6a57      0x233 ./Drivers/STM32F4xx_HAL_Driver/Src/stm32f4xx_hal_rcc.o
                              0xc4373 (size before relaxing)
 .debug_str     0x000c6c8a      0xe1a ./Drivers/STM32F4xx_HAL_Driver/Src/stm32f4xx_hal_tim.o
                              0xc52c9 (size before relaxing)
 .debug_str     0x000c7aa4      0x493 ./Drivers/STM32F4xx_HAL_Driver/Src/stm32f4xx_hal_tim_ex.o
                              0xc4ad5 (size before relaxing)
 .debug_str     0x000c7f37      0x5eb ./Drivers/STM32F4xx_HAL_Driver/Src/stm32f4xx_hal_uart.o
                              0xc4954 (size before relaxing)
 .debug_str     0x000c8522       0x13 ./User/Src/7SEG.o
                              0xc4a3f (size before relaxing)
 .debug_str     0x000c8535       0x18 ./User/Src/uart.o
                              0xc449c (size before relaxing)

.comment        0x00000000       0x43
 .comment       0x00000000       0x43 ./Core/Src/main.o
                                 0x44 (size before relaxing)
 .comment       0x00000043       0x44 ./Core/Src/stm32f4xx_hal_msp.o
 .comment       0x00000043       0x44 ./Core/Src/stm32f4xx_it.o
 .comment       0x00000043       0x44 ./Core/Src/system_stm32f4xx.o
 .comment       0x00000043       0x44 ./Drivers/STM32F4xx_HAL_Driver/Src/stm32f4xx_hal.o
 .comment       0x00000043       0x44 ./Drivers/STM32F4xx_HAL_Driver/Src/stm32f4xx_hal_cortex.o
 .comment       0x00000043       0x44 ./Drivers/STM32F4xx_HAL_Driver/Src/stm32f4xx_hal_dma.o
 .comment       0x00000043       0x44 ./Drivers/STM32F4xx_HAL_Driver/Src/stm32f4xx_hal_gpio.o
 .comment       0x00000043       0x44 ./Drivers/STM32F4xx_HAL_Driver/Src/stm32f4xx_hal_rcc.o
 .comment       0x00000043       0x44 ./Drivers/STM32F4xx_HAL_Driver/Src/stm32f4xx_hal_tim.o
 .comment       0x00000043       0x44 ./Drivers/STM32F4xx_HAL_Driver/Src/stm32f4xx_hal_tim_ex.o
 .comment       0x00000043       0x44 ./Drivers/STM32F4xx_HAL_Driver/Src/stm32f4xx_hal_uart.o
 .comment       0x00000043       0x44 ./User/Src/7SEG.o
 .comment       0x00000043       0x44 ./User/Src/uart.o

.debug_frame    0x00000000     0x3494
 .debug_frame   0x00000000      0x130 ./Core/Src/main.o
 .debug_frame   0x00000130       0xcc ./Core/Src/stm32f4xx_hal_msp.o
 .debug_frame   0x000001fc      0x13c ./Core/Src/stm32f4xx_it.o
 .debug_frame   0x00000338       0x58 ./Core/Src/system_stm32f4xx.o
 .debug_frame   0x00000390      0x374 ./Drivers/STM32F4xx_HAL_Driver/Src/stm32f4xx_hal.o
 .debug_frame   0x00000704      0x508 ./Drivers/STM32F4xx_HAL_Driver/Src/stm32f4xx_hal_cortex.o
 .debug_frame   0x00000c0c      0x250 ./Drivers/STM32F4xx_HAL_Driver/Src/stm32f4xx_hal_dma.o
 .debug_frame   0x00000e5c      0x14c ./Drivers/STM32F4xx_HAL_Driver/Src/stm32f4xx_hal_gpio.o
 .debug_frame   0x00000fa8      0x1f4 ./Drivers/STM32F4xx_HAL_Driver/Src/stm32f4xx_hal_rcc.o
 .debug_frame   0x0000119c     0x11c0 ./Drivers/STM32F4xx_HAL_Driver/Src/stm32f4xx_hal_tim.o
 .debug_frame   0x0000235c      0x638 ./Drivers/STM32F4xx_HAL_Driver/Src/stm32f4xx_hal_tim_ex.o
 .debug_frame   0x00002994      0x954 ./Drivers/STM32F4xx_HAL_Driver/Src/stm32f4xx_hal_uart.o
 .debug_frame   0x000032e8       0x5c ./User/Src/7SEG.o
 .debug_frame   0x00003344       0xa4 ./User/Src/uart.o
 .debug_frame   0x000033e8       0x20 C:/ST/STM32CubeIDE_1.16.1/STM32CubeIDE/plugins/com.st.stm32cube.ide.mcu.externaltools.gnu-tools-for-stm32.12.3.rel1.win32_1.0.200.202406191623/tools/bin/../lib/gcc/arm-none-eabi/12.3.1/../../../../arm-none-eabi/lib/thumb/v7e-m+fp/hard\libc_nano.a(libc_a-memset.o)
 .debug_frame   0x00003408       0x2c C:/ST/STM32CubeIDE_1.16.1/STM32CubeIDE/plugins/com.st.stm32cube.ide.mcu.externaltools.gnu-tools-for-stm32.12.3.rel1.win32_1.0.200.202406191623/tools/bin/../lib/gcc/arm-none-eabi/12.3.1/../../../../arm-none-eabi/lib/thumb/v7e-m+fp/hard\libc_nano.a(libc_a-init.o)
 .debug_frame   0x00003434       0x2c C:/ST/STM32CubeIDE_1.16.1/STM32CubeIDE/plugins/com.st.stm32cube.ide.mcu.externaltools.gnu-tools-for-stm32.12.3.rel1.win32_1.0.200.202406191623/tools/bin/../lib/gcc/arm-none-eabi/12.3.1/thumb/v7e-m+fp/hard\libgcc.a(_aeabi_uldivmod.o)
 .debug_frame   0x00003460       0x34 C:/ST/STM32CubeIDE_1.16.1/STM32CubeIDE/plugins/com.st.stm32cube.ide.mcu.externaltools.gnu-tools-for-stm32.12.3.rel1.win32_1.0.200.202406191623/tools/bin/../lib/gcc/arm-none-eabi/12.3.1/thumb/v7e-m+fp/hard\libgcc.a(_udivmoddi4.o)

.debug_line_str
                0x00000000       0x81
 .debug_line_str
                0x00000000       0x81 ./Core/Startup/startup_stm32f407vetx.o
