20:06:03 **** Incremental Build of configuration Debug for project Challenge 1-3. Count button press duration ****
make -j16 all 
arm-none-eabi-gcc "../Core/Src/main.c" -mcpu=cortex-m4 -std=gnu11 -g3 -DDEBUG -DUSE_HAL_DRIVER -DSTM32F407xx -c -I../Core/Inc -I../User/Inc -I../Drivers/STM32F4xx_HAL_Driver/Inc -I../Drivers/STM32F4xx_HAL_Driver/Inc/Legacy -I../Drivers/CMSIS/Device/ST/STM32F4xx/Include -I../Drivers/CMSIS/Include -O0 -ffunction-sections -fdata-sections -Wall -fstack-usage -fcyclomatic-complexity -MMD -MP -MF"Core/Src/main.d" -MT"Core/Src/main.o" --specs=nano.specs -mfpu=fpv4-sp-d16 -mfloat-abi=hard -mthumb -o "Core/Src/main.o"
arm-none-eabi-gcc -o "Challenge 1-3. Count button press duration.elf" @"objects.list"   -mcpu=cortex-m4 -T"C:\Github\digital-alarm-clock-challenge\Challenge 1-3. Count button press duration\STM32F407VETX_FLASH.ld" --specs=nosys.specs -Wl,-Map="Challenge 1-3. Count button press duration.map" -Wl,--gc-sections -static --specs=nano.specs -mfpu=fpv4-sp-d16 -mfloat-abi=hard -mthumb -Wl,--start-group -lc -lm -Wl,--end-group
Finished building target: Challenge 1-3. Count button press duration.elf
 
arm-none-eabi-size  Challenge\ 1-3.\ Count\ button\ press\ duration.elf 
arm-none-eabi-objdump -h -S Challenge\ 1-3.\ Count\ button\ press\ duration.elf  > "Challenge 1-3. Count button press duration.list"
   text	   data	    bss	    dec	    hex	filename
  15288	     40	   1720	  17048	   4298	Challenge 1-3. Count button press duration.elf
Finished building: default.size.stdout
 
Finished building: Challenge 1-3. Count button press duration.list
 

20:06:03 Build Finished. 0 errors, 0 warnings. (took 589ms)

