10:33:18 **** Incremental Build of configuration Debug for project Challenge 3. Stopwatch - Display Time on CLCD and Save and Display Lap Times ****
make -j16 all 
arm-none-eabi-gcc "../Core/Src/main.c" -mcpu=cortex-m4 -std=gnu11 -g3 -DDEBUG -DUSE_HAL_DRIVER -DSTM32F407xx -c -I../Core/Inc -I../Drivers/CLCD/Inc -I../Drivers/Seven_segment/Inc -I../User/Inc -I../Drivers/STM32F4xx_HAL_Driver/Inc -I../Drivers/STM32F4xx_HAL_Driver/Inc/Legacy -I../Drivers/CMSIS/Device/ST/STM32F4xx/Include -I../Drivers/CMSIS/Include -O0 -ffunction-sections -fdata-sections -Wall -fstack-usage -fcyclomatic-complexity -MMD -MP -MF"Core/Src/main.d" -MT"Core/Src/main.o" --specs=nano.specs -mfpu=fpv4-sp-d16 -mfloat-abi=hard -mthumb -o "Core/Src/main.o"
arm-none-eabi-gcc -o "Challenge 3. Stopwatch - Display Time on CLCD and Save and Display Lap Times.elf" @"objects.list"   -mcpu=cortex-m4 -T"C:\Github\digital-alarm-clock-challenge\Challenge 3. Stopwatch - Display Time on CLCD and Save and Display Lap Times\STM32F407VETX_FLASH.ld" --specs=nosys.specs -Wl,-Map="Challenge 3. Stopwatch - Display Time on CLCD and Save and Display Lap Times.map" -Wl,--gc-sections -static --specs=nano.specs -mfpu=fpv4-sp-d16 -mfloat-abi=hard -mthumb -Wl,--start-group -lc -lm -Wl,--end-group
Finished building target: Challenge 3. Stopwatch - Display Time on CLCD and Save and Display Lap Times.elf
 
arm-none-eabi-size  Challenge\ 3.\ Stopwatch\ -\ Display\ Time\ on\ CLCD\ and\ Save\ and\ Display\ Lap\ Times.elf 
arm-none-eabi-objdump -h -S Challenge\ 3.\ Stopwatch\ -\ Display\ Time\ on\ CLCD\ and\ Save\ and\ Display\ Lap\ Times.elf  > "Challenge 3. Stopwatch - Display Time on CLCD and Save and Display Lap Times.list"
   text	   data	    bss	    dec	    hex	filename
  17768	    196	   1724	  19688	   4ce8	Challenge 3. Stopwatch - Display Time on CLCD and Save and Display Lap Times.elf
Finished building: default.size.stdout
 
Finished building: Challenge 3. Stopwatch - Display Time on CLCD and Save and Display Lap Times.list
 

10:33:19 Build Finished. 0 errors, 0 warnings. (took 636ms)

